Archive member included to satisfy reference by file (symbol)

C:/ST/STM32CubeCLT/GNU-tools-for-STM32/bin/../lib/gcc/arm-none-eabi/11.3.1/../../../../arm-none-eabi/lib/thumb/v7-m/nofp\libc_nano.a(libc_a-exit.o)
                              C:/ST/STM32CubeCLT/GNU-tools-for-STM32/bin/../lib/gcc/arm-none-eabi/11.3.1/../../../../arm-none-eabi/lib/thumb/v7-m/nofp/crt0.o (exit)
C:/ST/STM32CubeCLT/GNU-tools-for-STM32/bin/../lib/gcc/arm-none-eabi/11.3.1/../../../../arm-none-eabi/lib/thumb/v7-m/nofp\libc_nano.a(libc_a-nano-vfprintf_float.o)
                              (_printf_float)
C:/ST/STM32CubeCLT/GNU-tools-for-STM32/bin/../lib/gcc/arm-none-eabi/11.3.1/../../../../arm-none-eabi/lib/thumb/v7-m/nofp\libc_nano.a(libc_a-nano-vfprintf_i.o)
                              C:/ST/STM32CubeCLT/GNU-tools-for-STM32/bin/../lib/gcc/arm-none-eabi/11.3.1/../../../../arm-none-eabi/lib/thumb/v7-m/nofp\libc_nano.a(libc_a-nano-vfprintf_float.o) (_printf_common)
C:/ST/STM32CubeCLT/GNU-tools-for-STM32/bin/../lib/gcc/arm-none-eabi/11.3.1/../../../../arm-none-eabi/lib/thumb/v7-m/nofp\libc_nano.a(libc_a-findfp.o)
                              C:/ST/STM32CubeCLT/GNU-tools-for-STM32/bin/../lib/gcc/arm-none-eabi/11.3.1/../../../../arm-none-eabi/lib/thumb/v7-m/nofp\libc_nano.a(libc_a-exit.o) (__stdio_exit_handler)
C:/ST/STM32CubeCLT/GNU-tools-for-STM32/bin/../lib/gcc/arm-none-eabi/11.3.1/../../../../arm-none-eabi/lib/thumb/v7-m/nofp\libc_nano.a(libc_a-fwalk.o)
                              C:/ST/STM32CubeCLT/GNU-tools-for-STM32/bin/../lib/gcc/arm-none-eabi/11.3.1/../../../../arm-none-eabi/lib/thumb/v7-m/nofp\libc_nano.a(libc_a-findfp.o) (_fwalk_sglue)
C:/ST/STM32CubeCLT/GNU-tools-for-STM32/bin/../lib/gcc/arm-none-eabi/11.3.1/../../../../arm-none-eabi/lib/thumb/v7-m/nofp\libc_nano.a(libc_a-stdio.o)
                              C:/ST/STM32CubeCLT/GNU-tools-for-STM32/bin/../lib/gcc/arm-none-eabi/11.3.1/../../../../arm-none-eabi/lib/thumb/v7-m/nofp\libc_nano.a(libc_a-findfp.o) (__sread)
C:/ST/STM32CubeCLT/GNU-tools-for-STM32/bin/../lib/gcc/arm-none-eabi/11.3.1/../../../../arm-none-eabi/lib/thumb/v7-m/nofp\libc_nano.a(libc_a-memset.o)
                              C:/ST/STM32CubeCLT/GNU-tools-for-STM32/bin/../lib/gcc/arm-none-eabi/11.3.1/../../../../arm-none-eabi/lib/thumb/v7-m/nofp/crt0.o (memset)
C:/ST/STM32CubeCLT/GNU-tools-for-STM32/bin/../lib/gcc/arm-none-eabi/11.3.1/../../../../arm-none-eabi/lib/thumb/v7-m/nofp\libc_nano.a(libc_a-localeconv.o)
                              C:/ST/STM32CubeCLT/GNU-tools-for-STM32/bin/../lib/gcc/arm-none-eabi/11.3.1/../../../../arm-none-eabi/lib/thumb/v7-m/nofp\libc_nano.a(libc_a-nano-vfprintf_float.o) (_localeconv_r)
C:/ST/STM32CubeCLT/GNU-tools-for-STM32/bin/../lib/gcc/arm-none-eabi/11.3.1/../../../../arm-none-eabi/lib/thumb/v7-m/nofp\libc_nano.a(libc_a-closer.o)
                              C:/ST/STM32CubeCLT/GNU-tools-for-STM32/bin/../lib/gcc/arm-none-eabi/11.3.1/../../../../arm-none-eabi/lib/thumb/v7-m/nofp\libc_nano.a(libc_a-stdio.o) (_close_r)
C:/ST/STM32CubeCLT/GNU-tools-for-STM32/bin/../lib/gcc/arm-none-eabi/11.3.1/../../../../arm-none-eabi/lib/thumb/v7-m/nofp\libc_nano.a(libc_a-reent.o)
                              C:/ST/STM32CubeCLT/GNU-tools-for-STM32/bin/../lib/gcc/arm-none-eabi/11.3.1/../../../../arm-none-eabi/lib/thumb/v7-m/nofp\libc_nano.a(libc_a-closer.o) (errno)
C:/ST/STM32CubeCLT/GNU-tools-for-STM32/bin/../lib/gcc/arm-none-eabi/11.3.1/../../../../arm-none-eabi/lib/thumb/v7-m/nofp\libc_nano.a(libc_a-impure.o)
                              C:/ST/STM32CubeCLT/GNU-tools-for-STM32/bin/../lib/gcc/arm-none-eabi/11.3.1/../../../../arm-none-eabi/lib/thumb/v7-m/nofp\libc_nano.a(libc_a-reent.o) (_impure_ptr)
C:/ST/STM32CubeCLT/GNU-tools-for-STM32/bin/../lib/gcc/arm-none-eabi/11.3.1/../../../../arm-none-eabi/lib/thumb/v7-m/nofp\libc_nano.a(libc_a-lseekr.o)
                              C:/ST/STM32CubeCLT/GNU-tools-for-STM32/bin/../lib/gcc/arm-none-eabi/11.3.1/../../../../arm-none-eabi/lib/thumb/v7-m/nofp\libc_nano.a(libc_a-stdio.o) (_lseek_r)
C:/ST/STM32CubeCLT/GNU-tools-for-STM32/bin/../lib/gcc/arm-none-eabi/11.3.1/../../../../arm-none-eabi/lib/thumb/v7-m/nofp\libc_nano.a(libc_a-readr.o)
                              C:/ST/STM32CubeCLT/GNU-tools-for-STM32/bin/../lib/gcc/arm-none-eabi/11.3.1/../../../../arm-none-eabi/lib/thumb/v7-m/nofp\libc_nano.a(libc_a-stdio.o) (_read_r)
C:/ST/STM32CubeCLT/GNU-tools-for-STM32/bin/../lib/gcc/arm-none-eabi/11.3.1/../../../../arm-none-eabi/lib/thumb/v7-m/nofp\libc_nano.a(libc_a-writer.o)
                              C:/ST/STM32CubeCLT/GNU-tools-for-STM32/bin/../lib/gcc/arm-none-eabi/11.3.1/../../../../arm-none-eabi/lib/thumb/v7-m/nofp\libc_nano.a(libc_a-stdio.o) (_write_r)
C:/ST/STM32CubeCLT/GNU-tools-for-STM32/bin/../lib/gcc/arm-none-eabi/11.3.1/../../../../arm-none-eabi/lib/thumb/v7-m/nofp\libc_nano.a(libc_a-init.o)
[...]
Memory Configuration

Name             Origin             Length             Attributes
RAM              0x0000000020000000 0x0000000000005000 xrw
FLASH            0x0000000008000000 0x0000000000010000 xr
*default*        0x0000000000000000 0xffffffffffffffff

Linker script and memory map

LOAD C:/ST/STM32CubeCLT/GNU-tools-for-STM32/bin/../lib/gcc/arm-none-eabi/11.3.1/thumb/v7-m/nofp/crti.o
LOAD C:/ST/STM32CubeCLT/GNU-tools-for-STM32/bin/../lib/gcc/arm-none-eabi/11.3.1/thumb/v7-m/nofp/crtbegin.o
LOAD C:/ST/STM32CubeCLT/GNU-tools-for-STM32/bin/../lib/gcc/arm-none-eabi/11.3.1/../../../../arm-none-eabi/lib/thumb/v7-m/nofp/crt0.o
START GROUP
LOAD C:/ST/STM32CubeCLT/GNU-tools-for-STM32/bin/../lib/gcc/arm-none-eabi/11.3.1/../../../../arm-none-eabi/lib/thumb/v7-m/nofp\libc_nano.a
LOAD C:/ST/STM32CubeCLT/GNU-tools-for-STM32/bin/../lib/gcc/arm-none-eabi/11.3.1/../../../../arm-none-eabi/lib/thumb/v7-m/nofp\libm.a
LOAD C:/ST/STM32CubeCLT/GNU-tools-for-STM32/bin/../lib/gcc/arm-none-eabi/11.3.1/../../../../arm-none-eabi/lib/thumb/v7-m/nofp\libstdc++_nano.a
LOAD C:/ST/STM32CubeCLT/GNU-tools-for-STM32/bin/../lib/gcc/arm-none-eabi/11.3.1/../../../../arm-none-eabi/lib/thumb/v7-m/nofp\libsupc++_nano.a
END GROUP
LOAD CMakeFiles/FAN_CONTROL.dir/Middleware/SuperLoop/sl_lib.c.obj
LOAD CMakeFiles/FAN_CONTROL.dir/Middleware/SuperLoop/sl.c.obj
LOAD CMakeFiles/FAN_CONTROL.dir/HMI/Src/hmi.c.obj
LOAD CMakeFiles/FAN_CONTROL.dir/App/Src/buttons.c.obj
LOAD CMakeFiles/FAN_CONTROL.dir/App/Src/adc.c.obj
LOAD CMakeFiles/FAN_CONTROL.dir/HMI/Src/hmi_dashboard.c.obj
LOAD CMakeFiles/FAN_CONTROL.dir/HMI/Src/hmi_intro.c.obj
LOAD CMakeFiles/FAN_CONTROL.dir/Core/Src/sysmem.c.obj
LOAD CMakeFiles/FAN_CONTROL.dir/Core/Src/system_stm32f1xx.c.obj
LOAD CMakeFiles/FAN_CONTROL.dir/Core/Src/syscalls.c.obj
LOAD CMakeFiles/FAN_CONTROL.dir/Core/Src/stm32f1xx_it.c.obj
LOAD CMakeFiles/FAN_CONTROL.dir/Core/Src/stm32f1xx_hal_msp.c.obj
LOAD CMakeFiles/FAN_CONTROL.dir/Drivers/STM32F1xx_HAL_Driver/Src/stm32f1xx_hal_adc.c.obj
LOAD CMakeFiles/FAN_CONTROL.dir/Drivers/STM32F1xx_HAL_Driver/Src/stm32f1xx_hal_adc_ex.c.obj
LOAD CMakeFiles/FAN_CONTROL.dir/Drivers/STM32F1xx_HAL_Driver/Src/stm32f1xx_hal_cortex.c.obj
LOAD CMakeFiles/FAN_CONTROL.dir/Drivers/STM32F1xx_HAL_Driver/Src/stm32f1xx_hal_dma.c.obj
LOAD CMakeFiles/FAN_CONTROL.dir/Drivers/STM32F1xx_HAL_Driver/Src/stm32f1xx_hal_exti.c.obj
LOAD CMakeFiles/FAN_CONTROL.dir/Drivers/STM32F1xx_HAL_Driver/Src/stm32f1xx_hal_flash_ex.c.obj
LOAD CMakeFiles/FAN_CONTROL.dir/Drivers/STM32F1xx_HAL_Driver/Src/stm32f1xx_hal_flash.c.obj
LOAD CMakeFiles/FAN_CONTROL.dir/Drivers/STM32F1xx_HAL_Driver/Src/stm32f1xx_hal_gpio_ex.c.obj
LOAD CMakeFiles/FAN_CONTROL.dir/Drivers/STM32F1xx_HAL_Driver/Src/stm32f1xx_hal_gpio.c.obj
LOAD CMakeFiles/FAN_CONTROL.dir/Core/Src/main.c.obj
LOAD CMakeFiles/FAN_CONTROL.dir/Drivers/STM32F1xx_HAL_Driver/Src/stm32f1xx_hal_pwr.c.obj
LOAD CMakeFiles/FAN_CONTROL.dir/Drivers/STM32F1xx_HAL_Driver/Src/stm32f1xx_hal_rcc_ex.c.obj
LOAD CMakeFiles/FAN_CONTROL.dir/Drivers/STM32F1xx_HAL_Driver/Src/stm32f1xx_hal_rcc.c.obj
LOAD CMakeFiles/FAN_CONTROL.dir/Drivers/STM32F1xx_HAL_Driver/Src/stm32f1xx_hal.c.obj
LOAD CMakeFiles/FAN_CONTROL.dir/Core/Startup/startup_stm32f103c8tx.s.obj
START GROUP
LOAD C:/ST/STM32CubeCLT/GNU-tools-for-STM32/bin/../lib/gcc/arm-none-eabi/11.3.1/thumb/v7-m/nofp\libgcc.a
LOAD C:/ST/STM32CubeCLT/GNU-tools-for-STM32/bin/../lib/gcc/arm-none-eabi/11.3.1/../../../../arm-none-eabi/lib/thumb/v7-m/nofp\libg_nano.a
LOAD C:/ST/STM32CubeCLT/GNU-tools-for-STM32/bin/../lib/gcc/arm-none-eabi/11.3.1/../../../../arm-none-eabi/lib/thumb/v7-m/nofp\libc_nano.a
END GROUP
START GROUP
LOAD C:/ST/STM32CubeCLT/GNU-tools-for-STM32/bin/../lib/gcc/arm-none-eabi/11.3.1/thumb/v7-m/nofp\libgcc.a
LOAD C:/ST/STM32CubeCLT/GNU-tools-for-STM32/bin/../lib/gcc/arm-none-eabi/11.3.1/../../../../arm-none-eabi/lib/thumb/v7-m/nofp\libc_nano.a
LOAD C:/ST/STM32CubeCLT/GNU-tools-for-STM32/bin/../lib/gcc/arm-none-eabi/11.3.1/../../../../arm-none-eabi/lib/thumb/v7-m/nofp\libnosys.a
END GROUP
START GROUP
LOAD C:/ST/STM32CubeCLT/GNU-tools-for-STM32/bin/../lib/gcc/arm-none-eabi/11.3.1/thumb/v7-m/nofp\libgcc.a
LOAD C:/ST/STM32CubeCLT/GNU-tools-for-STM32/bin/../lib/gcc/arm-none-eabi/11.3.1/../../../../arm-none-eabi/lib/thumb/v7-m/nofp\libc_nano.a
LOAD C:/ST/STM32CubeCLT/GNU-tools-for-STM32/bin/../lib/gcc/arm-none-eabi/11.3.1/../../../../arm-none-eabi/lib/thumb/v7-m/nofp\libnosys.a
END GROUP
LOAD C:/ST/STM32CubeCLT/GNU-tools-for-STM32/bin/../lib/gcc/arm-none-eabi/11.3.1/thumb/v7-m/nofp/crtend.o
LOAD C:/ST/STM32CubeCLT/GNU-tools-for-STM32/bin/../lib/gcc/arm-none-eabi/11.3.1/thumb/v7-m/nofp/crtn.o
                0x0000000020005000                _estack = (ORIGIN (RAM) + LENGTH (RAM))
                0x0000000000000200                _Min_Heap_Size = 0x200
                0x0000000000000400                _Min_Stack_Size = 0x400

.isr_vector     0x0000000008000000      0x10c
                0x0000000008000000                . = ALIGN (0x4)
 *(.isr_vector)
 .isr_vector    0x0000000008000000      0x10c CMakeFiles/FAN_CONTROL.dir/Core/Startup/startup_stm32f103c8tx.s.obj
                0x0000000008000000                g_pfnVectors
                0x000000000800010c                . = ALIGN (0x4)

.text           0x0000000008000110     0x4ea8
                0x0000000008000110                . = ALIGN (0x4)
 *(.text)
 .text          0x0000000008000110       0x40 C:/ST/STM32CubeCLT/GNU-tools-for-STM32/bin/../lib/gcc/arm-none-eabi/11.3.1/thumb/v7-m/nofp/crtbegin.o
 .text          0x0000000008000150       0x10 C:/ST/STM32CubeCLT/GNU-tools-for-STM32/bin/../lib/gcc/arm-none-eabi/11.3.1/../../../../arm-none-eabi/lib/thumb/v7-m/nofp\libc_nano.a(libc_a-strlen.o)
                0x0000000008000150                strlen
 .text          0x0000000008000160      0x378 C:/ST/STM32CubeCLT/GNU-tools-for-STM32/bin/../lib/gcc/arm-none-eabi/11.3.1/thumb/v7-m/nofp\libgcc.a(_arm_addsubdf3.o)
                0x0000000008000160                __aeabi_drsub
                0x0000000008000168                __aeabi_dsub
                0x0000000008000168                __subdf3
                0x000000000800016c                __aeabi_dadd
                0x000000000800016c                __adddf3
                0x00000000080003e4                __floatunsidf
                0x00000000080003e4                __aeabi_ui2d
                0x0000000008000404                __floatsidf
                0x0000000008000404                __aeabi_i2d
                0x0000000008000428                __aeabi_f2d
                0x0000000008000428                __extendsfdf2
                0x000000000800046c                __floatundidf
                0x000000000800046c                __aeabi_ul2d
                0x000000000800047c                __floatdidf
                0x000000000800047c                __aeabi_l2d
 .text          0x00000000080004d8      0x424 C:/ST/STM32CubeCLT/GNU-tools-for-STM32/bin/../lib/gcc/arm-none-eabi/11.3.1/thumb/v7-m/nofp\libgcc.a(_arm_muldivdf3.o)
                0x00000000080004d8                __aeabi_dmul
                0x00000000080004d8                __muldf3
                0x000000000800072c                __divdf3
                0x000000000800072c                __aeabi_ddiv
 .text          0x00000000080008fc      0x110 C:/ST/STM32CubeCLT/GNU-tools-for-STM32/bin/../lib/gcc/arm-none-eabi/11.3.1/thumb/v7-m/nofp\libgcc.a(_arm_cmpdf2.o)
                0x00000000080008fc                __gtdf2
                0x00000000080008fc                __gedf2
                0x0000000008000904                __ltdf2
                0x0000000008000904                __ledf2
                0x000000000800090c                __nedf2
                0x000000000800090c                __eqdf2
                0x000000000800090c                __cmpdf2
                0x0000000008000988                __aeabi_cdrcmple
                0x0000000008000998                __aeabi_cdcmpeq
                0x0000000008000998                __aeabi_cdcmple
                0x00000000080009a8                __aeabi_dcmpeq
                0x00000000080009bc                __aeabi_dcmplt
                0x00000000080009d0                __aeabi_dcmple
                0x00000000080009e4                __aeabi_dcmpge
                0x00000000080009f8                __aeabi_dcmpgt
 .text          0x0000000008000a0c       0x2c C:/ST/STM32CubeCLT/GNU-tools-for-STM32/bin/../lib/gcc/arm-none-eabi/11.3.1/thumb/v7-m/nofp\libgcc.a(_arm_unorddf2.o)
                0x0000000008000a0c                __unorddf2
                0x0000000008000a0c                __aeabi_dcmpun
 .text          0x0000000008000a38       0x50 C:/ST/STM32CubeCLT/GNU-tools-for-STM32/bin/../lib/gcc/arm-none-eabi/11.3.1/thumb/v7-m/nofp\libgcc.a(_arm_fixdfsi.o)
                0x0000000008000a38                __aeabi_d2iz
                0x0000000008000a38                __fixdfsi
 *(.text*)
 .text.__cvt    0x0000000008000a88       0xbe C:/ST/STM32CubeCLT/GNU-tools-for-STM32/bin/../lib/gcc/arm-none-eabi/11.3.1/../../../../arm-none-eabi/lib/thumb/v7-m/nofp\libc_nano.a(libc_a-nano-vfprintf_float.o)
                0x0000000008000a88                __cvt
 .text.__exponent
                0x0000000008000b46       0x7a C:/ST/STM32CubeCLT/GNU-tools-for-STM32/bin/../lib/gcc/arm-none-eabi/11.3.1/../../../../arm-none-eabi/lib/thumb/v7-m/nofp\libc_nano.a(libc_a-nano-vfprintf_float.o)
                0x0000000008000b46                __exponent
 .text._printf_float
                0x0000000008000bc0      0x45c C:/ST/STM32CubeCLT/GNU-tools-for-STM32/bin/../lib/gcc/arm-none-eabi/11.3.1/../../../../arm-none-eabi/lib/thumb/v7-m/nofp\libc_nano.a(libc_a-nano-vfprintf_float.o)
                0x0000000008000bc0                _printf_float
 .text._printf_common
                0x000000000800101c       0xe4 C:/ST/STM32CubeCLT/GNU-tools-for-STM32/bin/../lib/gcc/arm-none-eabi/11.3.1/../../../../arm-none-eabi/lib/thumb/v7-m/nofp\libc_nano.a(libc_a-nano-vfprintf_i.o)
                0x000000000800101c                _printf_common
 .text._printf_i
                0x0000000008001100      0x244 C:/ST/STM32CubeCLT/GNU-tools-for-STM32/bin/../lib/gcc/arm-none-eabi/11.3.1/../../../../arm-none-eabi/lib/thumb/v7-m/nofp\libc_nano.a(libc_a-nano-vfprintf_i.o)
                0x0000000008001100                _printf_i
 .text.std      0x0000000008001344       0x48 C:/ST/STM32CubeCLT/GNU-tools-for-STM32/bin/../lib/gcc/arm-none-eabi/11.3.1/../../../../arm-none-eabi/lib/thumb/v7-m/nofp\libc_nano.a(libc_a-findfp.o)
 .text.stdio_exit_handler
                0x000000000800138c       0x18 C:/ST/STM32CubeCLT/GNU-tools-for-STM32/bin/../lib/gcc/arm-none-eabi/11.3.1/../../../../arm-none-eabi/lib/thumb/v7-m/nofp\libc_nano.a(libc_a-findfp.o)
 .text.cleanup_stdio
                0x00000000080013a4       0x40 C:/ST/STM32CubeCLT/GNU-tools-for-STM32/bin/../lib/gcc/arm-none-eabi/11.3.1/../../../../arm-none-eabi/lib/thumb/v7-m/nofp\libc_nano.a(libc_a-findfp.o)
 .text.global_stdio_init.part.0
                0x00000000080013e4       0x3c C:/ST/STM32CubeCLT/GNU-tools-for-STM32/bin/../lib/gcc/arm-none-eabi/11.3.1/../../../../arm-none-eabi/lib/thumb/v7-m/nofp\libc_nano.a(libc_a-findfp.o)
 .text.__sfp_lock_acquire
                0x0000000008001420        0xc C:/ST/STM32CubeCLT/GNU-tools-for-STM32/bin/../lib/gcc/arm-none-eabi/11.3.1/../../../../arm-none-eabi/lib/thumb/v7-m/nofp\libc_nano.a(libc_a-findfp.o)
                0x0000000008001420                __sfp_lock_acquire
 .text.__sfp_lock_release
                0x000000000800142c        0xc C:/ST/STM32CubeCLT/GNU-tools-for-STM32/bin/../lib/gcc/arm-none-eabi/11.3.1/../../../../arm-none-eabi/lib/thumb/v7-m/nofp\libc_nano.a(libc_a-findfp.o)
                0x000000000800142c                __sfp_lock_release
 .text.__sinit  0x0000000008001438       0x30 C:/ST/STM32CubeCLT/GNU-tools-for-STM32/bin/../lib/gcc/arm-none-eabi/11.3.1/../../../../arm-none-eabi/lib/thumb/v7-m/nofp\libc_nano.a(libc_a-findfp.o)
                0x0000000008001438                __sinit
 .text._fwalk_sglue
                0x0000000008001468       0x3c C:/ST/STM32CubeCLT/GNU-tools-for-STM32/bin/../lib/gcc/arm-none-eabi/11.3.1/../../../../arm-none-eabi/lib/thumb/v7-m/nofp\libc_nano.a(libc_a-fwalk.o)
                0x0000000008001468                _fwalk_sglue
 .text.__sread  0x00000000080014a4       0x22 C:/ST/STM32CubeCLT/GNU-tools-for-STM32/bin/../lib/gcc/arm-none-eabi/11.3.1/../../../../arm-none-eabi/lib/thumb/v7-m/nofp\libc_nano.a(libc_a-stdio.o)
                0x00000000080014a4                __sread
 .text.__swrite
                0x00000000080014c6       0x38 C:/ST/STM32CubeCLT/GNU-tools-for-STM32/bin/../lib/gcc/arm-none-eabi/11.3.1/../../../../arm-none-eabi/lib/thumb/v7-m/nofp\libc_nano.a(libc_a-stdio.o)
                0x00000000080014c6                __swrite
 .text.__sseek  0x00000000080014fe       0x24 C:/ST/STM32CubeCLT/GNU-tools-for-STM32/bin/../lib/gcc/arm-none-eabi/11.3.1/../../../../arm-none-eabi/lib/thumb/v7-m/nofp\libc_nano.a(libc_a-stdio.o)
                0x00000000080014fe                __sseek
 .text.__sclose
                0x0000000008001522        0x8 C:/ST/STM32CubeCLT/GNU-tools-for-STM32/bin/../lib/gcc/arm-none-eabi/11.3.1/../../../../arm-none-eabi/lib/thumb/v7-m/nofp\libc_nano.a(libc_a-stdio.o)
                0x0000000008001522                __sclose
 .text.memset   0x000000000800152a       0x10 C:/ST/STM32CubeCLT/GNU-tools-for-STM32/bin/../lib/gcc/arm-none-eabi/11.3.1/../../../../arm-none-eabi/lib/thumb/v7-m/nofp\libc_nano.a(libc_a-memset.o)
                0x000000000800152a                memset
 *fill*         0x000000000800153a        0x2 
 .text._localeconv_r
                0x000000000800153c        0x8 C:/ST/STM32CubeCLT/GNU-tools-for-STM32/bin/../lib/gcc/arm-none-eabi/11.3.1/../../../../arm-none-eabi/lib/thumb/v7-m/nofp\libc_nano.a(libc_a-localeconv.o)
                0x000000000800153c                _localeconv_r
 .text._close_r
                0x0000000008001544       0x20 C:/ST/STM32CubeCLT/GNU-tools-for-STM32/bin/../lib/gcc/arm-none-eabi/11.3.1/../../../../arm-none-eabi/lib/thumb/v7-m/nofp\libc_nano.a(libc_a-closer.o)
                0x0000000008001544                _close_r
 .text._lseek_r
                0x0000000008001564       0x24 C:/ST/STM32CubeCLT/GNU-tools-for-STM32/bin/../lib/gcc/arm-none-eabi/11.3.1/../../../../arm-none-eabi/lib/thumb/v7-m/nofp\libc_nano.a(libc_a-lseekr.o)
                0x0000000008001564                _lseek_r
 .text._read_r  0x0000000008001588       0x24 C:/ST/STM32CubeCLT/GNU-tools-for-STM32/bin/../lib/gcc/arm-none-eabi/11.3.1/../../../../arm-none-eabi/lib/thumb/v7-m/nofp\libc_nano.a(libc_a-readr.o)
                0x0000000008001588                _read_r
 .text._write_r
                0x00000000080015ac       0x24 C:/ST/STM32CubeCLT/GNU-tools-for-STM32/bin/../lib/gcc/arm-none-eabi/11.3.1/../../../../arm-none-eabi/lib/thumb/v7-m/nofp\libc_nano.a(libc_a-writer.o)
                0x00000000080015ac                _write_r
 .text.__libc_init_array
                0x00000000080015d0       0x48 C:/ST/STM32CubeCLT/GNU-tools-for-STM32/bin/../lib/gcc/arm-none-eabi/11.3.1/../../../../arm-none-eabi/lib/thumb/v7-m/nofp\libc_nano.a(libc_a-init.o)
                0x00000000080015d0                __libc_init_array
 .text.__retarget_lock_acquire_recursive
                0x0000000008001618        0x2 C:/ST/STM32CubeCLT/GNU-tools-for-STM32/bin/../lib/gcc/arm-none-eabi/11.3.1/../../../../arm-none-eabi/lib/thumb/v7-m/nofp\libc_nano.a(libc_a-lock.o)
                0x0000000008001618                __retarget_lock_acquire_recursive
 .text.__retarget_lock_release_recursive
                0x000000000800161a        0x2 C:/ST/STM32CubeCLT/GNU-tools-for-STM32/bin/../lib/gcc/arm-none-eabi/11.3.1/../../../../arm-none-eabi/lib/thumb/v7-m/nofp\libc_nano.a(libc_a-lock.o)
                0x000000000800161a                __retarget_lock_release_recursive
 .text.memchr   0x000000000800161c       0x1c C:/ST/STM32CubeCLT/GNU-tools-for-STM32/bin/../lib/gcc/arm-none-eabi/11.3.1/../../../../arm-none-eabi/lib/thumb/v7-m/nofp\libc_nano.a(libc_a-memchr-stub.o)
                0x000000000800161c                memchr
 .text.quorem   0x0000000008001638      0x112 C:/ST/STM32CubeCLT/GNU-tools-for-STM32/bin/../lib/gcc/arm-none-eabi/11.3.1/../../../../arm-none-eabi/lib/thumb/v7-m/nofp\libc_nano.a(libc_a-dtoa.o)
 *fill*         0x000000000800174a        0x6 
 .text._dtoa_r  0x0000000008001750      0xbc8 C:/ST/STM32CubeCLT/GNU-tools-for-STM32/bin/../lib/gcc/arm-none-eabi/11.3.1/../../../../arm-none-eabi/lib/thumb/v7-m/nofp\libc_nano.a(libc_a-dtoa.o)
                0x0000000008001750                _dtoa_r
 .text._free_r  0x0000000008002318       0x90 C:/ST/STM32CubeCLT/GNU-tools-for-STM32/bin/../lib/gcc/arm-none-eabi/11.3.1/../../../../arm-none-eabi/lib/thumb/v7-m/nofp\libc_nano.a(libc_a-freer.o)
                0x0000000008002318                _free_r
 .text.malloc   0x00000000080023a8       0x10 C:/ST/STM32CubeCLT/GNU-tools-for-STM32/bin/../lib/gcc/arm-none-eabi/11.3.1/../../../../arm-none-eabi/lib/thumb/v7-m/nofp\libc_nano.a(libc_a-malloc.o)
                0x00000000080023a8                malloc
 .text.sbrk_aligned
                0x00000000080023b8       0x40 C:/ST/STM32CubeCLT/GNU-tools-for-STM32/bin/../lib/gcc/arm-none-eabi/11.3.1/../../../../arm-none-eabi/lib/thumb/v7-m/nofp\libc_nano.a(libc_a-mallocr.o)
 .text._malloc_r
                0x00000000080023f8      0x100 C:/ST/STM32CubeCLT/GNU-tools-for-STM32/bin/../lib/gcc/arm-none-eabi/11.3.1/../../../../arm-none-eabi/lib/thumb/v7-m/nofp\libc_nano.a(libc_a-mallocr.o)
                0x00000000080023f8                _malloc_r
 .text.__malloc_lock
                0x00000000080024f8        0xc C:/ST/STM32CubeCLT/GNU-tools-for-STM32/bin/../lib/gcc/arm-none-eabi/11.3.1/../../../../arm-none-eabi/lib/thumb/v7-m/nofp\libc_nano.a(libc_a-mlock.o)
                0x00000000080024f8                __malloc_lock
 .text.__malloc_unlock
                0x0000000008002504        0xc C:/ST/STM32CubeCLT/GNU-tools-for-STM32/bin/../lib/gcc/arm-none-eabi/11.3.1/../../../../arm-none-eabi/lib/thumb/v7-m/nofp\libc_nano.a(libc_a-mlock.o)
                0x0000000008002504                __malloc_unlock
 .text._Balloc  0x0000000008002510       0x80 C:/ST/STM32CubeCLT/GNU-tools-for-STM32/bin/../lib/gcc/arm-none-eabi/11.3.1/../../../../arm-none-eabi/lib/thumb/v7-m/nofp\libc_nano.a(libc_a-mprec.o)
                0x0000000008002510                _Balloc
 .text._Bfree   0x0000000008002590       0x44 C:/ST/STM32CubeCLT/GNU-tools-for-STM32/bin/../lib/gcc/arm-none-eabi/11.3.1/../../../../arm-none-eabi/lib/thumb/v7-m/nofp\libc_nano.a(libc_a-mprec.o)
                0x0000000008002590                _Bfree
 .text.__multadd
                0x00000000080025d4       0x8c C:/ST/STM32CubeCLT/GNU-tools-for-STM32/bin/../lib/gcc/arm-none-eabi/11.3.1/../../../../arm-none-eabi/lib/thumb/v7-m/nofp\libc_nano.a(libc_a-mprec.o)
                0x00000000080025d4                __multadd
 .text.__hi0bits
                0x0000000008002660       0x40 C:/ST/STM32CubeCLT/GNU-tools-for-STM32/bin/../lib/gcc/arm-none-eabi/11.3.1/../../../../arm-none-eabi/lib/thumb/v7-m/nofp\libc_nano.a(libc_a-mprec.o)
                0x0000000008002660                __hi0bits
 .text.__lo0bits
                0x00000000080026a0       0x5a C:/ST/STM32CubeCLT/GNU-tools-for-STM32/bin/../lib/gcc/arm-none-eabi/11.3.1/../../../../arm-none-eabi/lib/thumb/v7-m/nofp\libc_nano.a(libc_a-mprec.o)
                0x00000000080026a0                __lo0bits
 *fill*         0x00000000080026fa        0x2 
 .text.__i2b    0x00000000080026fc       0x2c C:/ST/STM32CubeCLT/GNU-tools-for-STM32/bin/../lib/gcc/arm-none-eabi/11.3.1/../../../../arm-none-eabi/lib/thumb/v7-m/nofp\libc_nano.a(libc_a-mprec.o)
                0x00000000080026fc                __i2b
 .text.__multiply
                0x0000000008002728      0x150 C:/ST/STM32CubeCLT/GNU-tools-for-STM32/bin/../lib/gcc/arm-none-eabi/11.3.1/../../../../arm-none-eabi/lib/thumb/v7-m/nofp\libc_nano.a(libc_a-mprec.o)
                0x0000000008002728                __multiply
 .text.__pow5mult
                0x0000000008002878       0xb4 C:/ST/STM32CubeCLT/GNU-tools-for-STM32/bin/../lib/gcc/arm-none-eabi/11.3.1/../../../../arm-none-eabi/lib/thumb/v7-m/nofp\libc_nano.a(libc_a-mprec.o)
                0x0000000008002878                __pow5mult
 .text.__lshift
                0x000000000800292c       0xd8 C:/ST/STM32CubeCLT/GNU-tools-for-STM32/bin/../lib/gcc/arm-none-eabi/11.3.1/../../../../arm-none-eabi/lib/thumb/v7-m/nofp\libc_nano.a(libc_a-mprec.o)
                0x000000000800292c                __lshift
 .text.__mcmp   0x0000000008002a04       0x36 C:/ST/STM32CubeCLT/GNU-tools-for-STM32/bin/../lib/gcc/arm-none-eabi/11.3.1/../../../../arm-none-eabi/lib/thumb/v7-m/nofp\libc_nano.a(libc_a-mprec.o)
                0x0000000008002a04                __mcmp
 *fill*         0x0000000008002a3a        0x2 
 .text.__mdiff  0x0000000008002a3c      0x118 C:/ST/STM32CubeCLT/GNU-tools-for-STM32/bin/../lib/gcc/arm-none-eabi/11.3.1/../../../../arm-none-eabi/lib/thumb/v7-m/nofp\libc_nano.a(libc_a-mprec.o)
                0x0000000008002a3c                __mdiff
 .text.__d2b    0x0000000008002b54       0xac C:/ST/STM32CubeCLT/GNU-tools-for-STM32/bin/../lib/gcc/arm-none-eabi/11.3.1/../../../../arm-none-eabi/lib/thumb/v7-m/nofp\libc_nano.a(libc_a-mprec.o)
                0x0000000008002b54                __d2b
 .text.__sflush_r
                0x0000000008002c00      0x104 C:/ST/STM32CubeCLT/GNU-tools-for-STM32/bin/../lib/gcc/arm-none-eabi/11.3.1/../../../../arm-none-eabi/lib/thumb/v7-m/nofp\libc_nano.a(libc_a-fflush.o)
                0x0000000008002c00                __sflush_r
 .text._fflush_r
                0x0000000008002d04       0x50 C:/ST/STM32CubeCLT/GNU-tools-for-STM32/bin/../lib/gcc/arm-none-eabi/11.3.1/../../../../arm-none-eabi/lib/thumb/v7-m/nofp\libc_nano.a(libc_a-fflush.o)
                0x0000000008002d04                _fflush_r
 .text._sbrk_r  0x0000000008002d54       0x20 C:/ST/STM32CubeCLT/GNU-tools-for-STM32/bin/../lib/gcc/arm-none-eabi/11.3.1/../../../../arm-none-eabi/lib/thumb/v7-m/nofp\libc_nano.a(libc_a-sbrkr.o)
                0x0000000008002d54                _sbrk_r
 .text.memcpy   0x0000000008002d74       0x1c C:/ST/STM32CubeCLT/GNU-tools-for-STM32/bin/../lib/gcc/arm-none-eabi/11.3.1/../../../../arm-none-eabi/lib/thumb/v7-m/nofp\libc_nano.a(libc_a-memcpy-stub.o)
                0x0000000008002d74                memcpy
 .text.__assert_func
                0x0000000008002d90       0x3c C:/ST/STM32CubeCLT/GNU-tools-for-STM32/bin/../lib/gcc/arm-none-eabi/11.3.1/../../../../arm-none-eabi/lib/thumb/v7-m/nofp\libc_nano.a(libc_a-assert.o)
                0x0000000008002d90                __assert_func
 .text._calloc_r
                0x0000000008002dcc       0x28 C:/ST/STM32CubeCLT/GNU-tools-for-STM32/bin/../lib/gcc/arm-none-eabi/11.3.1/../../../../arm-none-eabi/lib/thumb/v7-m/nofp\libc_nano.a(libc_a-callocr.o)
                0x0000000008002dcc                _calloc_r
 .text.__ascii_mbtowc
                0x0000000008002df4       0x24 C:/ST/STM32CubeCLT/GNU-tools-for-STM32/bin/../lib/gcc/arm-none-eabi/11.3.1/../../../../arm-none-eabi/lib/thumb/v7-m/nofp\libc_nano.a(libc_a-mbtowc_r.o)
                0x0000000008002df4                __ascii_mbtowc
 .text.__ascii_wctomb
                0x0000000008002e18       0x1a C:/ST/STM32CubeCLT/GNU-tools-for-STM32/bin/../lib/gcc/arm-none-eabi/11.3.1/../../../../arm-none-eabi/lib/thumb/v7-m/nofp\libc_nano.a(libc_a-wctomb_r.o)
                0x0000000008002e18                __ascii_wctomb
 *fill*         0x0000000008002e32        0x2 
 .text.fprintf  0x0000000008002e34       0x24 C:/ST/STM32CubeCLT/GNU-tools-for-STM32/bin/../lib/gcc/arm-none-eabi/11.3.1/../../../../arm-none-eabi/lib/thumb/v7-m/nofp\libc_nano.a(libc_a-fprintf.o)
                0x0000000008002e34                fiprintf
                0x0000000008002e34                fprintf
 .text.abort    0x0000000008002e58        0xe C:/ST/STM32CubeCLT/GNU-tools-for-STM32/bin/../lib/gcc/arm-none-eabi/11.3.1/../../../../arm-none-eabi/lib/thumb/v7-m/nofp\libc_nano.a(libc_a-abort.o)
                0x0000000008002e58                abort
 .text.__sfputc_r
                0x0000000008002e66       0x2a C:/ST/STM32CubeCLT/GNU-tools-for-STM32/bin/../lib/gcc/arm-none-eabi/11.3.1/../../../../arm-none-eabi/lib/thumb/v7-m/nofp\libc_nano.a(libc_a-nano-vfprintf.o)
 .text.__sfputs_r
                0x0000000008002e90       0x24 C:/ST/STM32CubeCLT/GNU-tools-for-STM32/bin/../lib/gcc/arm-none-eabi/11.3.1/../../../../arm-none-eabi/lib/thumb/v7-m/nofp\libc_nano.a(libc_a-nano-vfprintf.o)
                0x0000000008002e90                __sfputs_r
 .text._vfprintf_r
                0x0000000008002eb4      0x234 C:/ST/STM32CubeCLT/GNU-tools-for-STM32/bin/../lib/gcc/arm-none-eabi/11.3.1/../../../../arm-none-eabi/lib/thumb/v7-m/nofp\libc_nano.a(libc_a-nano-vfprintf.o)
                0x0000000008002eb4                _vfprintf_r
                0x0000000008002eb4                _vfiprintf_r
 .text.__swbuf_r
                0x00000000080030e8       0x7a C:/ST/STM32CubeCLT/GNU-tools-for-STM32/bin/../lib/gcc/arm-none-eabi/11.3.1/../../../../arm-none-eabi/lib/thumb/v7-m/nofp\libc_nano.a(libc_a-wbuf.o)
                0x00000000080030e8                __swbuf_r
 *fill*         0x0000000008003162        0x2 
 .text.__swsetup_r
                0x0000000008003164       0xb0 C:/ST/STM32CubeCLT/GNU-tools-for-STM32/bin/../lib/gcc/arm-none-eabi/11.3.1/../../../../arm-none-eabi/lib/thumb/v7-m/nofp\libc_nano.a(libc_a-wsetup.o)
                0x0000000008003164                __swsetup_r
 .text._raise_r
                0x0000000008003214       0x50 C:/ST/STM32CubeCLT/GNU-tools-for-STM32/bin/../lib/gcc/arm-none-eabi/11.3.1/../../../../arm-none-eabi/lib/thumb/v7-m/nofp\libc_nano.a(libc_a-signal.o)
                0x0000000008003214                _raise_r
 .text.raise    0x0000000008003264       0x10 C:/ST/STM32CubeCLT/GNU-tools-for-STM32/bin/../lib/gcc/arm-none-eabi/11.3.1/../../../../arm-none-eabi/lib/thumb/v7-m/nofp\libc_nano.a(libc_a-signal.o)
                0x0000000008003264                raise
 .text._kill_r  0x0000000008003274       0x24 C:/ST/STM32CubeCLT/GNU-tools-for-STM32/bin/../lib/gcc/arm-none-eabi/11.3.1/../../../../arm-none-eabi/lib/thumb/v7-m/nofp\libc_nano.a(libc_a-signalr.o)
                0x0000000008003274                _kill_r
 .text._getpid_r
                0x0000000008003298        0x4 C:/ST/STM32CubeCLT/GNU-tools-for-STM32/bin/../lib/gcc/arm-none-eabi/11.3.1/../../../../arm-none-eabi/lib/thumb/v7-m/nofp\libc_nano.a(libc_a-signalr.o)
                0x0000000008003298                _getpid_r
 .text.__swhatbuf_r
                0x000000000800329c       0x4a C:/ST/STM32CubeCLT/GNU-tools-for-STM32/bin/../lib/gcc/arm-none-eabi/11.3.1/../../../../arm-none-eabi/lib/thumb/v7-m/nofp\libc_nano.a(libc_a-makebuf.o)
                0x000000000800329c                __swhatbuf_r
 .text.__smakebuf_r
                0x00000000080032e6       0x78 C:/ST/STM32CubeCLT/GNU-tools-for-STM32/bin/../lib/gcc/arm-none-eabi/11.3.1/../../../../arm-none-eabi/lib/thumb/v7-m/nofp\libc_nano.a(libc_a-makebuf.o)
                0x00000000080032e6                __smakebuf_r
 *fill*         0x000000000800335e        0x2 
 .text._fstat_r
                0x0000000008003360       0x24 C:/ST/STM32CubeCLT/GNU-tools-for-STM32/bin/../lib/gcc/arm-none-eabi/11.3.1/../../../../arm-none-eabi/lib/thumb/v7-m/nofp\libc_nano.a(libc_a-fstatr.o)
                0x0000000008003360                _fstat_r
 .text._isatty_r
                0x0000000008003384       0x20 C:/ST/STM32CubeCLT/GNU-tools-for-STM32/bin/../lib/gcc/arm-none-eabi/11.3.1/../../../../arm-none-eabi/lib/thumb/v7-m/nofp\libc_nano.a(libc_a-isattyr.o)
                0x0000000008003384                _isatty_r
 .text.sl_enter_critical
                0x00000000080033a4       0x10 CMakeFiles/FAN_CONTROL.dir/Middleware/SuperLoop/sl.c.obj
                0x00000000080033a4                sl_enter_critical
 .text.sl_leave_critical
                0x00000000080033b4       0x14 CMakeFiles/FAN_CONTROL.dir/Middleware/SuperLoop/sl.c.obj
                0x00000000080033b4                sl_leave_critical
 .text.sl_1ms_clock
                0x00000000080033c8       0x50 CMakeFiles/FAN_CONTROL.dir/Middleware/SuperLoop/sl.c.obj
                0x00000000080033c8                sl_1ms_clock
 .text.sl_init  0x0000000008003418       0x4c CMakeFiles/FAN_CONTROL.dir/Middleware/SuperLoop/sl.c.obj
                0x0000000008003418                sl_init
 .text.sl_deinit
                0x0000000008003464       0x2c CMakeFiles/FAN_CONTROL.dir/Middleware/SuperLoop/sl.c.obj
                0x0000000008003464                sl_deinit
 .text.sl_update
                0x0000000008003490       0x68 CMakeFiles/FAN_CONTROL.dir/Middleware/SuperLoop/sl.c.obj
                0x0000000008003490                sl_update
 .text.hmi_showing_screen
                0x00000000080034f8       0x20 CMakeFiles/FAN_CONTROL.dir/HMI/Src/hmi.c.obj
 .text.hmi_showing_data
                0x0000000008003518       0x20 CMakeFiles/FAN_CONTROL.dir/HMI/Src/hmi.c.obj
 .text.hmi_set_screen
                0x0000000008003538        0xc CMakeFiles/FAN_CONTROL.dir/HMI/Src/hmi.c.obj
                0x0000000008003538                hmi_set_screen
 .text.hmi_1ms_clock
                0x0000000008003544        0x2 CMakeFiles/FAN_CONTROL.dir/HMI/Src/hmi.c.obj
                0x0000000008003544                hmi_1ms_clock
 *fill*         0x0000000008003546        0x2 
 .text.hmi_init
                0x0000000008003548       0x3c CMakeFiles/FAN_CONTROL.dir/HMI/Src/hmi.c.obj
                0x0000000008003548                hmi_init
 .text.hmi_update
                0x0000000008003584       0x4c CMakeFiles/FAN_CONTROL.dir/HMI/Src/hmi.c.obj
                0x0000000008003584                hmi_update
 .text.hmi_deinit
                0x00000000080035d0        0x2 CMakeFiles/FAN_CONTROL.dir/HMI/Src/hmi.c.obj
                0x00000000080035d0                hmi_deinit
 *fill*         0x00000000080035d2        0x2 
 .text.adc_get_value
                0x00000000080035d4       0x20 CMakeFiles/FAN_CONTROL.dir/App/Src/adc.c.obj
                0x00000000080035d4                adc_get_value
 .text.filter_adc
                0x00000000080035f4       0x2c CMakeFiles/FAN_CONTROL.dir/App/Src/adc.c.obj
                0x00000000080035f4                filter_adc
 .text.adc_1ms_clock
                0x0000000008003620        0x2 CMakeFiles/FAN_CONTROL.dir/App/Src/adc.c.obj
                0x0000000008003620                adc_1ms_clock
 .text.adc_init
                0x0000000008003622        0x2 CMakeFiles/FAN_CONTROL.dir/App/Src/adc.c.obj
                0x0000000008003622                adc_init
 .text.adc_update
                0x0000000008003624       0x14 CMakeFiles/FAN_CONTROL.dir/App/Src/adc.c.obj
                0x0000000008003624                adc_update
 .text.adc_deinit
                0x0000000008003638        0x2 CMakeFiles/FAN_CONTROL.dir/App/Src/adc.c.obj
                0x0000000008003638                adc_deinit
 *fill*         0x000000000800363a        0x2 
 .text.display_write_segment
                0x000000000800363c       0x28 CMakeFiles/FAN_CONTROL.dir/HMI/Src/hmi_dashboard.c.obj
 .text.hmi_dashboard_reset_segments
                0x0000000008003664       0x18 CMakeFiles/FAN_CONTROL.dir/HMI/Src/hmi_dashboard.c.obj
 .text.hmi_dashboard_write_digit
                0x000000000800367c       0x28 CMakeFiles/FAN_CONTROL.dir/HMI/Src/hmi_dashboard.c.obj
 .text.hmi_dashboard_write_number
                0x00000000080036a4       0xa4 CMakeFiles/FAN_CONTROL.dir/HMI/Src/hmi_dashboard.c.obj
 .text.hmi_dashboard_init
                0x0000000008003748       0x14 CMakeFiles/FAN_CONTROL.dir/HMI/Src/hmi_dashboard.c.obj
                0x0000000008003748                hmi_dashboard_init
 .text.hmi_dashboard_1ms_clock
                0x000000000800375c       0x34 CMakeFiles/FAN_CONTROL.dir/HMI/Src/hmi_dashboard.c.obj
                0x000000000800375c                hmi_dashboard_1ms_clock
 .text.hmi_dashboard_show_screen
                0x0000000008003790        0x8 CMakeFiles/FAN_CONTROL.dir/HMI/Src/hmi_dashboard.c.obj
                0x0000000008003790                hmi_dashboard_show_screen
 .text.hmi_dashboard_update_data
                0x0000000008003798       0x10 CMakeFiles/FAN_CONTROL.dir/HMI/Src/hmi_dashboard.c.obj
                0x0000000008003798                hmi_dashboard_update_data
 .text.hmi_dashboard_update_button
                0x00000000080037a8        0x2 CMakeFiles/FAN_CONTROL.dir/HMI/Src/hmi_dashboard.c.obj
                0x00000000080037a8                hmi_dashboard_update_button
 .text.hmi_intro_init
                0x00000000080037aa        0x2 CMakeFiles/FAN_CONTROL.dir/HMI/Src/hmi_intro.c.obj
                0x00000000080037aa                hmi_intro_init
 .text.hmi_intro_show_screen
                0x00000000080037ac       0x8c CMakeFiles/FAN_CONTROL.dir/HMI/Src/hmi_intro.c.obj
                0x00000000080037ac                hmi_intro_show_screen
 .text.hmi_intro_update_data
                0x0000000008003838        0x2 CMakeFiles/FAN_CONTROL.dir/HMI/Src/hmi_intro.c.obj
                0x0000000008003838                hmi_intro_update_data
 .text.hmi_intro_update_button
                0x000000000800383a        0x2 CMakeFiles/FAN_CONTROL.dir/HMI/Src/hmi_intro.c.obj
                0x000000000800383a                hmi_intro_update_button
 .text._sbrk    0x000000000800383c       0x48 CMakeFiles/FAN_CONTROL.dir/Core/Src/sysmem.c.obj
                0x000000000800383c                _sbrk
 .text.SystemInit
                0x0000000008003884        0x2 CMakeFiles/FAN_CONTROL.dir/Core/Src/system_stm32f1xx.c.obj
                0x0000000008003884                SystemInit
 .text._getpid  0x0000000008003886        0x4 CMakeFiles/FAN_CONTROL.dir/Core/Src/syscalls.c.obj
                0x0000000008003886                _getpid
 .text._kill    0x000000000800388a       0x10 CMakeFiles/FAN_CONTROL.dir/Core/Src/syscalls.c.obj
                0x000000000800388a                _kill
 .text._exit    0x000000000800389a        0xc CMakeFiles/FAN_CONTROL.dir/Core/Src/syscalls.c.obj
                0x000000000800389a                _exit
 .text._read    0x00000000080038a6       0x20 CMakeFiles/FAN_CONTROL.dir/Core/Src/syscalls.c.obj
                0x00000000080038a6                _read
 .text._write   0x00000000080038c6       0x1c CMakeFiles/FAN_CONTROL.dir/Core/Src/syscalls.c.obj
                0x00000000080038c6                _write
 .text._close   0x00000000080038e2        0x6 CMakeFiles/FAN_CONTROL.dir/Core/Src/syscalls.c.obj
                0x00000000080038e2                _close
 .text._fstat   0x00000000080038e8        0xa CMakeFiles/FAN_CONTROL.dir/Core/Src/syscalls.c.obj
                0x00000000080038e8                _fstat
 .text._isatty  0x00000000080038f2        0x4 CMakeFiles/FAN_CONTROL.dir/Core/Src/syscalls.c.obj
                0x00000000080038f2                _isatty
 .text._lseek   0x00000000080038f6        0x4 CMakeFiles/FAN_CONTROL.dir/Core/Src/syscalls.c.obj
                0x00000000080038f6                _lseek
 .text.NMI_Handler
                0x00000000080038fa        0x2 CMakeFiles/FAN_CONTROL.dir/Core/Src/stm32f1xx_it.c.obj
                0x00000000080038fa                NMI_Handler
 .text.HardFault_Handler
                0x00000000080038fc        0x2 CMakeFiles/FAN_CONTROL.dir/Core/Src/stm32f1xx_it.c.obj
                0x00000000080038fc                HardFault_Handler
 .text.MemManage_Handler
                0x00000000080038fe        0x2 CMakeFiles/FAN_CONTROL.dir/Core/Src/stm32f1xx_it.c.obj
                0x00000000080038fe                MemManage_Handler
 .text.BusFault_Handler
                0x0000000008003900        0x2 CMakeFiles/FAN_CONTROL.dir/Core/Src/stm32f1xx_it.c.obj
                0x0000000008003900                BusFault_Handler
 .text.UsageFault_Handler
                0x0000000008003902        0x2 CMakeFiles/FAN_CONTROL.dir/Core/Src/stm32f1xx_it.c.obj
                0x0000000008003902                UsageFault_Handler
 .text.SVC_Handler
                0x0000000008003904        0x2 CMakeFiles/FAN_CONTROL.dir/Core/Src/stm32f1xx_it.c.obj
                0x0000000008003904                SVC_Handler
 .text.DebugMon_Handler
                0x0000000008003906        0x2 CMakeFiles/FAN_CONTROL.dir/Core/Src/stm32f1xx_it.c.obj
                0x0000000008003906                DebugMon_Handler
 .text.PendSV_Handler
                0x0000000008003908        0x2 CMakeFiles/FAN_CONTROL.dir/Core/Src/stm32f1xx_it.c.obj
                0x0000000008003908                PendSV_Handler
 .text.SysTick_Handler
                0x000000000800390a       0x10 CMakeFiles/FAN_CONTROL.dir/Core/Src/stm32f1xx_it.c.obj
                0x000000000800390a                SysTick_Handler
 *fill*         0x000000000800391a        0x2 
 .text.DMA1_Channel1_IRQHandler
                0x000000000800391c       0x10 CMakeFiles/FAN_CONTROL.dir/Core/Src/stm32f1xx_it.c.obj
                0x000000000800391c                DMA1_Channel1_IRQHandler
 .text.ADC1_2_IRQHandler
                0x000000000800392c       0x10 CMakeFiles/FAN_CONTROL.dir/Core/Src/stm32f1xx_it.c.obj
                0x000000000800392c                ADC1_2_IRQHandler
 .text.HAL_MspInit
                0x000000000800393c       0x44 CMakeFiles/FAN_CONTROL.dir/Core/Src/stm32f1xx_hal_msp.c.obj
                0x000000000800393c                HAL_MspInit
 .text.HAL_ADC_MspInit
                0x0000000008003980       0xac CMakeFiles/FAN_CONTROL.dir/Core/Src/stm32f1xx_hal_msp.c.obj
                0x0000000008003980                HAL_ADC_MspInit
 .text.HAL_ADC_ConvCpltCallback
                0x0000000008003a2c        0x2 CMakeFiles/FAN_CONTROL.dir/Drivers/STM32F1xx_HAL_Driver/Src/stm32f1xx_hal_adc.c.obj
                0x0000000008003a2c                HAL_ADC_ConvCpltCallback
 .text.ADC_DMAConvCplt
                0x0000000008003a2e       0x52 CMakeFiles/FAN_CONTROL.dir/Drivers/STM32F1xx_HAL_Driver/Src/stm32f1xx_hal_adc.c.obj
                0x0000000008003a2e                ADC_DMAConvCplt
 .text.HAL_ADC_ConvHalfCpltCallback
                0x0000000008003a80        0x2 CMakeFiles/FAN_CONTROL.dir/Drivers/STM32F1xx_HAL_Driver/Src/stm32f1xx_hal_adc.c.obj
                0x0000000008003a80                HAL_ADC_ConvHalfCpltCallback
 .text.ADC_DMAHalfConvCplt
                0x0000000008003a82        0xa CMakeFiles/FAN_CONTROL.dir/Drivers/STM32F1xx_HAL_Driver/Src/stm32f1xx_hal_adc.c.obj
                0x0000000008003a82                ADC_DMAHalfConvCplt
 .text.HAL_ADC_LevelOutOfWindowCallback
                0x0000000008003a8c        0x2 CMakeFiles/FAN_CONTROL.dir/Drivers/STM32F1xx_HAL_Driver/Src/stm32f1xx_hal_adc.c.obj
                0x0000000008003a8c                HAL_ADC_LevelOutOfWindowCallback
 .text.HAL_ADC_IRQHandler
                0x0000000008003a8e      0x102 CMakeFiles/FAN_CONTROL.dir/Drivers/STM32F1xx_HAL_Driver/Src/stm32f1xx_hal_adc.c.obj
                0x0000000008003a8e                HAL_ADC_IRQHandler
 .text.HAL_ADC_ErrorCallback
                0x0000000008003b90        0x2 CMakeFiles/FAN_CONTROL.dir/Drivers/STM32F1xx_HAL_Driver/Src/stm32f1xx_hal_adc.c.obj
                0x0000000008003b90                HAL_ADC_ErrorCallback
 .text.ADC_DMAError
                0x0000000008003b92       0x1a CMakeFiles/FAN_CONTROL.dir/Drivers/STM32F1xx_HAL_Driver/Src/stm32f1xx_hal_adc.c.obj
                0x0000000008003b92                ADC_DMAError
 .text.HAL_ADC_ConfigChannel
                0x0000000008003bac      0x140 CMakeFiles/FAN_CONTROL.dir/Drivers/STM32F1xx_HAL_Driver/Src/stm32f1xx_hal_adc.c.obj
                0x0000000008003bac                HAL_ADC_ConfigChannel
 .text.ADC_Enable
                0x0000000008003cec       0x88 CMakeFiles/FAN_CONTROL.dir/Drivers/STM32F1xx_HAL_Driver/Src/stm32f1xx_hal_adc.c.obj
                0x0000000008003cec                ADC_Enable
 .text.HAL_ADC_Start_DMA
                0x0000000008003d74      0x130 CMakeFiles/FAN_CONTROL.dir/Drivers/STM32F1xx_HAL_Driver/Src/stm32f1xx_hal_adc.c.obj
                0x0000000008003d74                HAL_ADC_Start_DMA
 .text.ADC_ConversionStop_Disable
                0x0000000008003ea4       0x56 CMakeFiles/FAN_CONTROL.dir/Drivers/STM32F1xx_HAL_Driver/Src/stm32f1xx_hal_adc.c.obj
                0x0000000008003ea4                ADC_ConversionStop_Disable
 *fill*         0x0000000008003efa        0x2 
 .text.HAL_ADC_Init
                0x0000000008003efc      0x108 CMakeFiles/FAN_CONTROL.dir/Drivers/STM32F1xx_HAL_Driver/Src/stm32f1xx_hal_adc.c.obj
                0x0000000008003efc                HAL_ADC_Init
 .text.HAL_ADCEx_InjectedConvCpltCallback
                0x0000000008004004        0x2 CMakeFiles/FAN_CONTROL.dir/Drivers/STM32F1xx_HAL_Driver/Src/stm32f1xx_hal_adc_ex.c.obj
                0x0000000008004004                HAL_ADCEx_InjectedConvCpltCallback
 *fill*         0x0000000008004006        0x2 
 .text.HAL_NVIC_SetPriorityGrouping
                0x0000000008004008       0x24 CMakeFiles/FAN_CONTROL.dir/Drivers/STM32F1xx_HAL_Driver/Src/stm32f1xx_hal_cortex.c.obj
                0x0000000008004008                HAL_NVIC_SetPriorityGrouping
 .text.HAL_NVIC_SetPriority
                0x000000000800402c       0x70 CMakeFiles/FAN_CONTROL.dir/Drivers/STM32F1xx_HAL_Driver/Src/stm32f1xx_hal_cortex.c.obj
                0x000000000800402c                HAL_NVIC_SetPriority
 .text.HAL_NVIC_EnableIRQ
                0x000000000800409c       0x1c CMakeFiles/FAN_CONTROL.dir/Drivers/STM32F1xx_HAL_Driver/Src/stm32f1xx_hal_cortex.c.obj
                0x000000000800409c                HAL_NVIC_EnableIRQ
 .text.HAL_SYSTICK_Config
                0x00000000080040b8       0x28 CMakeFiles/FAN_CONTROL.dir/Drivers/STM32F1xx_HAL_Driver/Src/stm32f1xx_hal_cortex.c.obj
                0x00000000080040b8                HAL_SYSTICK_Config
 .text.DMA_SetConfig
                0x00000000080040e0       0x2c CMakeFiles/FAN_CONTROL.dir/Drivers/STM32F1xx_HAL_Driver/Src/stm32f1xx_hal_dma.c.obj
 .text.HAL_DMA_Init
                0x000000000800410c       0x6c CMakeFiles/FAN_CONTROL.dir/Drivers/STM32F1xx_HAL_Driver/Src/stm32f1xx_hal_dma.c.obj
                0x000000000800410c                HAL_DMA_Init
 .text.HAL_DMA_Start_IT
                0x0000000008004178       0x76 CMakeFiles/FAN_CONTROL.dir/Drivers/STM32F1xx_HAL_Driver/Src/stm32f1xx_hal_dma.c.obj
                0x0000000008004178                HAL_DMA_Start_IT
 *fill*         0x00000000080041ee        0x2 
 .text.HAL_DMA_IRQHandler
                0x00000000080041f0      0x144 CMakeFiles/FAN_CONTROL.dir/Drivers/STM32F1xx_HAL_Driver/Src/stm32f1xx_hal_dma.c.obj
                0x00000000080041f0                HAL_DMA_IRQHandler
 .text.HAL_GPIO_Init
                0x0000000008004334      0x224 CMakeFiles/FAN_CONTROL.dir/Drivers/STM32F1xx_HAL_Driver/Src/stm32f1xx_hal_gpio.c.obj
                0x0000000008004334                HAL_GPIO_Init
 .text.HAL_GPIO_WritePin
                0x0000000008004558        0xc CMakeFiles/FAN_CONTROL.dir/Drivers/STM32F1xx_HAL_Driver/Src/stm32f1xx_hal_gpio.c.obj
                0x0000000008004558                HAL_GPIO_WritePin
 .text.MX_GPIO_Init
                0x0000000008004564       0xe0 CMakeFiles/FAN_CONTROL.dir/Core/Src/main.c.obj
 .text.MX_DMA_Init
                0x0000000008004644       0x34 CMakeFiles/FAN_CONTROL.dir/Core/Src/main.c.obj
 .text.Error_Handler
                0x0000000008004678        0x4 CMakeFiles/FAN_CONTROL.dir/Core/Src/main.c.obj
                0x0000000008004678                Error_Handler
 .text.MX_ADC1_Init
                0x000000000800467c       0x58 CMakeFiles/FAN_CONTROL.dir/Core/Src/main.c.obj
 .text.SystemClock_Config
                0x00000000080046d4       0x70 CMakeFiles/FAN_CONTROL.dir/Core/Src/main.c.obj
                0x00000000080046d4                SystemClock_Config
 .text.main     0x0000000008004744       0x34 CMakeFiles/FAN_CONTROL.dir/Core/Src/main.c.obj
                0x0000000008004744                main
 .text.HAL_RCCEx_PeriphCLKConfig
                0x0000000008004778      0x118 CMakeFiles/FAN_CONTROL.dir/Drivers/STM32F1xx_HAL_Driver/Src/stm32f1xx_hal_rcc_ex.c.obj
                0x0000000008004778                HAL_RCCEx_PeriphCLKConfig
 .text.RCC_Delay
                0x0000000008004890       0x2c CMakeFiles/FAN_CONTROL.dir/Drivers/STM32F1xx_HAL_Driver/Src/stm32f1xx_hal_rcc.c.obj
 .text.HAL_RCC_OscConfig
                0x00000000080048bc      0x410 CMakeFiles/FAN_CONTROL.dir/Drivers/STM32F1xx_HAL_Driver/Src/stm32f1xx_hal_rcc.c.obj
                0x00000000080048bc                HAL_RCC_OscConfig
 .text.HAL_RCC_GetSysClockFreq
                0x0000000008004ccc       0x54 CMakeFiles/FAN_CONTROL.dir/Drivers/STM32F1xx_HAL_Driver/Src/stm32f1xx_hal_rcc.c.obj
                0x0000000008004ccc                HAL_RCC_GetSysClockFreq
 .text.HAL_RCC_ClockConfig
                0x0000000008004d20      0x16c CMakeFiles/FAN_CONTROL.dir/Drivers/STM32F1xx_HAL_Driver/Src/stm32f1xx_hal_rcc.c.obj
                0x0000000008004d20                HAL_RCC_ClockConfig
 .text.HAL_InitTick
                0x0000000008004e8c       0x4c CMakeFiles/FAN_CONTROL.dir/Drivers/STM32F1xx_HAL_Driver/Src/stm32f1xx_hal.c.obj
                0x0000000008004e8c                HAL_InitTick
 .text.HAL_Init
                0x0000000008004ed8       0x24 CMakeFiles/FAN_CONTROL.dir/Drivers/STM32F1xx_HAL_Driver/Src/stm32f1xx_hal.c.obj
                0x0000000008004ed8                HAL_Init
 .text.HAL_IncTick
                0x0000000008004efc       0x18 CMakeFiles/FAN_CONTROL.dir/Drivers/STM32F1xx_HAL_Driver/Src/stm32f1xx_hal.c.obj
                0x0000000008004efc                HAL_IncTick
 .text.HAL_GetTick
                0x0000000008004f14        0xc CMakeFiles/FAN_CONTROL.dir/Drivers/STM32F1xx_HAL_Driver/Src/stm32f1xx_hal.c.obj
                0x0000000008004f14                HAL_GetTick
 .text.HAL_Delay
                0x0000000008004f20       0x28 CMakeFiles/FAN_CONTROL.dir/Drivers/STM32F1xx_HAL_Driver/Src/stm32f1xx_hal.c.obj
                0x0000000008004f20                HAL_Delay
 .text.Reset_Handler
                0x0000000008004f48       0x48 CMakeFiles/FAN_CONTROL.dir/Core/Startup/startup_stm32f103c8tx.s.obj
                0x0000000008004f48                Reset_Handler
 .text.Default_Handler
                0x0000000008004f90        0x2 CMakeFiles/FAN_CONTROL.dir/Core/Startup/startup_stm32f103c8tx.s.obj
                0x0000000008004f90                RTC_Alarm_IRQHandler
                0x0000000008004f90                EXTI2_IRQHandler
                0x0000000008004f90                TIM1_CC_IRQHandler
                0x0000000008004f90                PVD_IRQHandler
                0x0000000008004f90                EXTI3_IRQHandler
                0x0000000008004f90                EXTI0_IRQHandler
                0x0000000008004f90                I2C2_EV_IRQHandler
                0x0000000008004f90                SPI1_IRQHandler
                0x0000000008004f90                TAMPER_IRQHandler
                0x0000000008004f90                DMA1_Channel4_IRQHandler
                0x0000000008004f90                USART3_IRQHandler
                0x0000000008004f90                RTC_IRQHandler
                0x0000000008004f90                DMA1_Channel7_IRQHandler
                0x0000000008004f90                CAN1_RX1_IRQHandler
                0x0000000008004f90                TIM4_IRQHandler
                0x0000000008004f90                I2C1_EV_IRQHandler
                0x0000000008004f90                DMA1_Channel6_IRQHandler
                0x0000000008004f90                TIM3_IRQHandler
                0x0000000008004f90                RCC_IRQHandler
                0x0000000008004f90                TIM1_TRG_COM_IRQHandler
                0x0000000008004f90                Default_Handler
                0x0000000008004f90                EXTI15_10_IRQHandler
                0x0000000008004f90                EXTI9_5_IRQHandler
                0x0000000008004f90                SPI2_IRQHandler
                0x0000000008004f90                DMA1_Channel5_IRQHandler
                0x0000000008004f90                EXTI4_IRQHandler
                0x0000000008004f90                USB_LP_CAN1_RX0_IRQHandler
                0x0000000008004f90                USB_HP_CAN1_TX_IRQHandler
                0x0000000008004f90                DMA1_Channel3_IRQHandler
                0x0000000008004f90                TIM1_UP_IRQHandler
                0x0000000008004f90                WWDG_IRQHandler
                0x0000000008004f90                TIM2_IRQHandler
                0x0000000008004f90                TIM1_BRK_IRQHandler
                0x0000000008004f90                EXTI1_IRQHandler
                0x0000000008004f90                USART2_IRQHandler
                0x0000000008004f90                I2C2_ER_IRQHandler
                0x0000000008004f90                DMA1_Channel2_IRQHandler
                0x0000000008004f90                CAN1_SCE_IRQHandler
                0x0000000008004f90                FLASH_IRQHandler
                0x0000000008004f90                USART1_IRQHandler
                0x0000000008004f90                I2C1_ER_IRQHandler
                0x0000000008004f90                USBWakeUp_IRQHandler
 *fill*         0x0000000008004f92        0x2 
 .text.__errno  0x0000000008004f94        0xc C:/ST/STM32CubeCLT/GNU-tools-for-STM32/bin/../lib/gcc/arm-none-eabi/11.3.1/../../../../arm-none-eabi/lib/thumb/v7-m/nofp\libg_nano.a(libc_a-errno.o)
                0x0000000008004f94                __errno
 *(.glue_7)
 .glue_7        0x0000000008004fa0        0x0 linker stubs
 *(.glue_7t)
 .glue_7t       0x0000000008004fa0        0x0 linker stubs
 *(.eh_frame)
 .eh_frame      0x0000000008004fa0        0x0 C:/ST/STM32CubeCLT/GNU-tools-for-STM32/bin/../lib/gcc/arm-none-eabi/11.3.1/thumb/v7-m/nofp/crtbegin.o
 *(.init)
 .init          0x0000000008004fa0        0x4 C:/ST/STM32CubeCLT/GNU-tools-for-STM32/bin/../lib/gcc/arm-none-eabi/11.3.1/thumb/v7-m/nofp/crti.o
                0x0000000008004fa0                _init
 .init          0x0000000008004fa4        0x8 C:/ST/STM32CubeCLT/GNU-tools-for-STM32/bin/../lib/gcc/arm-none-eabi/11.3.1/thumb/v7-m/nofp/crtn.o
 *(.fini)
 .fini          0x0000000008004fac        0x4 C:/ST/STM32CubeCLT/GNU-tools-for-STM32/bin/../lib/gcc/arm-none-eabi/11.3.1/thumb/v7-m/nofp/crti.o
                0x0000000008004fac                _fini
 .fini          0x0000000008004fb0        0x8 C:/ST/STM32CubeCLT/GNU-tools-for-STM32/bin/../lib/gcc/arm-none-eabi/11.3.1/thumb/v7-m/nofp/crtn.o
                0x0000000008004fb8                . = ALIGN (0x4)
                0x0000000008004fb8                _etext = .

.vfp11_veneer   0x0000000008004fb8        0x0
 .vfp11_veneer  0x0000000008004fb8        0x0 linker stubs

.v4_bx          0x0000000008004fb8        0x0
 .v4_bx         0x0000000008004fb8        0x0 linker stubs

.iplt           0x0000000008004fb8        0x0
 .iplt          0x0000000008004fb8        0x0 C:/ST/STM32CubeCLT/GNU-tools-for-STM32/bin/../lib/gcc/arm-none-eabi/11.3.1/thumb/v7-m/nofp/crtbegin.o

.rodata         0x0000000008004fb8      0x470
                0x0000000008004fb8                . = ALIGN (0x4)
 *(.rodata)
 *(.rodata*)
 .rodata._printf_float.str1.1
                0x0000000008004fb8       0x12 C:/ST/STM32CubeCLT/GNU-tools-for-STM32/bin/../lib/gcc/arm-none-eabi/11.3.1/../../../../arm-none-eabi/lib/thumb/v7-m/nofp\libc_nano.a(libc_a-nano-vfprintf_float.o)
 .rodata._printf_i.str1.1
                0x0000000008004fca       0x22 C:/ST/STM32CubeCLT/GNU-tools-for-STM32/bin/../lib/gcc/arm-none-eabi/11.3.1/../../../../arm-none-eabi/lib/thumb/v7-m/nofp\libc_nano.a(libc_a-nano-vfprintf_i.o)
 .rodata._dtoa_r.str1.1
                0x0000000008004fec       0x8d C:/ST/STM32CubeCLT/GNU-tools-for-STM32/bin/../lib/gcc/arm-none-eabi/11.3.1/../../../../arm-none-eabi/lib/thumb/v7-m/nofp\libc_nano.a(libc_a-dtoa.o)
                                         0x8f (size before relaxing)
 .rodata._Balloc.str1.1
                0x0000000008005079       0x59 C:/ST/STM32CubeCLT/GNU-tools-for-STM32/bin/../lib/gcc/arm-none-eabi/11.3.1/../../../../arm-none-eabi/lib/thumb/v7-m/nofp\libc_nano.a(libc_a-mprec.o)
                                         0x70 (size before relaxing)
 .rodata.__multadd.str1.1
                0x00000000080050d2       0x11 C:/ST/STM32CubeCLT/GNU-tools-for-STM32/bin/../lib/gcc/arm-none-eabi/11.3.1/../../../../arm-none-eabi/lib/thumb/v7-m/nofp\libc_nano.a(libc_a-mprec.o)
 *fill*         0x00000000080050d2        0x6 
 .rodata.__mprec_bigtens
                0x00000000080050d8       0x28 C:/ST/STM32CubeCLT/GNU-tools-for-STM32/bin/../lib/gcc/arm-none-eabi/11.3.1/../../../../arm-none-eabi/lib/thumb/v7-m/nofp\libc_nano.a(libc_a-mprec.o)
                0x00000000080050d8                __mprec_bigtens
 .rodata.__mprec_tens
                0x0000000008005100       0xc8 C:/ST/STM32CubeCLT/GNU-tools-for-STM32/bin/../lib/gcc/arm-none-eabi/11.3.1/../../../../arm-none-eabi/lib/thumb/v7-m/nofp\libc_nano.a(libc_a-mprec.o)
                0x0000000008005100                __mprec_tens
 .rodata.p05.0  0x00000000080051c8        0xc C:/ST/STM32CubeCLT/GNU-tools-for-STM32/bin/../lib/gcc/arm-none-eabi/11.3.1/../../../../arm-none-eabi/lib/thumb/v7-m/nofp\libc_nano.a(libc_a-mprec.o)
 .rodata._setlocale_r.str1.1
                0x00000000080051d4        0x8 C:/ST/STM32CubeCLT/GNU-tools-for-STM32/bin/../lib/gcc/arm-none-eabi/11.3.1/../../../../arm-none-eabi/lib/thumb/v7-m/nofp\libc_nano.a(libc_a-locale.o)
                                          0x9 (size before relaxing)
 .rodata.str1.1
                0x00000000080051dc        0x2 C:/ST/STM32CubeCLT/GNU-tools-for-STM32/bin/../lib/gcc/arm-none-eabi/11.3.1/../../../../arm-none-eabi/lib/thumb/v7-m/nofp\libc_nano.a(libc_a-locale.o)
 .rodata.__assert_func.str1.1
                0x00000000080051de       0x3c C:/ST/STM32CubeCLT/GNU-tools-for-STM32/bin/../lib/gcc/arm-none-eabi/11.3.1/../../../../arm-none-eabi/lib/thumb/v7-m/nofp\libc_nano.a(libc_a-assert.o)
                                         0x3d (size before relaxing)
 .rodata._ctype_
                0x000000000800521a      0x101 C:/ST/STM32CubeCLT/GNU-tools-for-STM32/bin/../lib/gcc/arm-none-eabi/11.3.1/../../../../arm-none-eabi/lib/thumb/v7-m/nofp\libc_nano.a(libc_a-ctype_.o)
                0x000000000800521a                _ctype_
 .rodata._vfprintf_r.str1.1
                0x000000000800531b       0x11 C:/ST/STM32CubeCLT/GNU-tools-for-STM32/bin/../lib/gcc/arm-none-eabi/11.3.1/../../../../arm-none-eabi/lib/thumb/v7-m/nofp\libc_nano.a(libc_a-nano-vfprintf.o)
 .rodata.sl_tasks_data_vector
                0x000000000800532c       0x58 CMakeFiles/FAN_CONTROL.dir/Middleware/SuperLoop/sl.c.obj
                0x000000000800532c                sl_tasks_data_vector
 .rodata.disp_7seg_info
                0x0000000008005384       0x38 CMakeFiles/FAN_CONTROL.dir/HMI/Src/hmi_dashboard.c.obj
 .rodata.vector
                0x00000000080053bc       0x46 CMakeFiles/FAN_CONTROL.dir/HMI/Src/hmi_dashboard.c.obj
 *fill*         0x0000000008005402        0x2 
 .rodata.AHBPrescTable
                0x0000000008005404       0x10 CMakeFiles/FAN_CONTROL.dir/Core/Src/system_stm32f1xx.c.obj
                0x0000000008005404                AHBPrescTable
 .rodata.aPLLMULFactorTable.1
                0x0000000008005414       0x10 CMakeFiles/FAN_CONTROL.dir/Drivers/STM32F1xx_HAL_Driver/Src/stm32f1xx_hal_rcc.c.obj
 .rodata.aPredivFactorTable.0
                0x0000000008005424        0x2 CMakeFiles/FAN_CONTROL.dir/Drivers/STM32F1xx_HAL_Driver/Src/stm32f1xx_hal_rcc.c.obj
                0x0000000008005428                . = ALIGN (0x4)
 *fill*         0x0000000008005426        0x2 

.ARM.extab      0x0000000008005428        0x0
                0x0000000008005428                . = ALIGN (0x4)
 *(.ARM.extab* .gnu.linkonce.armextab.*)
                0x0000000008005428                . = ALIGN (0x4)

.ARM            0x0000000008005428        0x0
                0x0000000008005428                . = ALIGN (0x4)
                0x0000000008005428                __exidx_start = .
 *(.ARM.exidx*)
                0x0000000008005428                __exidx_end = .
                0x0000000008005428                . = ALIGN (0x4)

.preinit_array  0x0000000008005428        0x0
                0x0000000008005428                . = ALIGN (0x4)
                0x0000000008005428                PROVIDE (__preinit_array_start = .)
 *(.preinit_array*)
                0x0000000008005428                PROVIDE (__preinit_array_end = .)
                0x0000000008005428                . = ALIGN (0x4)

.init_array     0x0000000008005428        0x4
                0x0000000008005428                . = ALIGN (0x4)
                0x0000000008005428                PROVIDE (__init_array_start = .)
 *(SORT_BY_NAME(.init_array.*))
 *(.init_array*)
 .init_array    0x0000000008005428        0x4 C:/ST/STM32CubeCLT/GNU-tools-for-STM32/bin/../lib/gcc/arm-none-eabi/11.3.1/thumb/v7-m/nofp/crtbegin.o
                0x000000000800542c                PROVIDE (__init_array_end = .)
                0x000000000800542c                . = ALIGN (0x4)

.fini_array     0x000000000800542c        0x4
                0x000000000800542c                . = ALIGN (0x4)
                [!provide]                        PROVIDE (__fini_array_start = .)
 *(SORT_BY_NAME(.fini_array.*))
 *(.fini_array*)
 .fini_array    0x000000000800542c        0x4 C:/ST/STM32CubeCLT/GNU-tools-for-STM32/bin/../lib/gcc/arm-none-eabi/11.3.1/thumb/v7-m/nofp/crtbegin.o
                [!provide]                        PROVIDE (__fini_array_end = .)
                0x0000000008005430                . = ALIGN (0x4)
                0x0000000008005430                _sidata = LOADADDR (.data)

.rel.dyn        0x0000000008005430        0x0
 .rel.iplt      0x0000000008005430        0x0 C:/ST/STM32CubeCLT/GNU-tools-for-STM32/bin/../lib/gcc/arm-none-eabi/11.3.1/thumb/v7-m/nofp/crtbegin.o

.data           0x0000000020000000      0x1fc load address 0x0000000008005430
                0x0000000020000000                . = ALIGN (0x4)
                0x0000000020000000                _sdata = .
 *(.data)
 *(.data*)
 .data.__sglue  0x0000000020000000        0xc C:/ST/STM32CubeCLT/GNU-tools-for-STM32/bin/../lib/gcc/arm-none-eabi/11.3.1/../../../../arm-none-eabi/lib/thumb/v7-m/nofp\libc_nano.a(libc_a-findfp.o)
                0x0000000020000000                __sglue
 .data._impure_data
                0x000000002000000c       0x4c C:/ST/STM32CubeCLT/GNU-tools-for-STM32/bin/../lib/gcc/arm-none-eabi/11.3.1/../../../../arm-none-eabi/lib/thumb/v7-m/nofp\libc_nano.a(libc_a-impure.o)
                0x000000002000000c                _impure_data
 .data._impure_ptr
                0x0000000020000058        0x4 C:/ST/STM32CubeCLT/GNU-tools-for-STM32/bin/../lib/gcc/arm-none-eabi/11.3.1/../../../../arm-none-eabi/lib/thumb/v7-m/nofp\libc_nano.a(libc_a-impure.o)
                0x0000000020000058                _impure_ptr
 .data.__global_locale
                0x000000002000005c      0x16c C:/ST/STM32CubeCLT/GNU-tools-for-STM32/bin/../lib/gcc/arm-none-eabi/11.3.1/../../../../arm-none-eabi/lib/thumb/v7-m/nofp\libc_nano.a(libc_a-locale.o)
                0x000000002000005c                __global_locale
 .data.hmi_vector_screens
                0x00000000200001c8       0x28 CMakeFiles/FAN_CONTROL.dir/HMI/Src/hmi.c.obj
                0x00000000200001c8                hmi_vector_screens
 .data.SystemCoreClock
                0x00000000200001f0        0x4 CMakeFiles/FAN_CONTROL.dir/Core/Src/system_stm32f1xx.c.obj
                0x00000000200001f0                SystemCoreClock
 .data.uwTickFreq
                0x00000000200001f4        0x1 CMakeFiles/FAN_CONTROL.dir/Drivers/STM32F1xx_HAL_Driver/Src/stm32f1xx_hal.c.obj
                0x00000000200001f4                uwTickFreq
 *fill*         0x00000000200001f5        0x3 
 .data.uwTickPrio
                0x00000000200001f8        0x4 CMakeFiles/FAN_CONTROL.dir/Drivers/STM32F1xx_HAL_Driver/Src/stm32f1xx_hal.c.obj
                0x00000000200001f8                uwTickPrio
 *(.RamFunc)
 *(.RamFunc*)
                0x00000000200001fc                . = ALIGN (0x4)
                0x00000000200001fc                _edata = .

.igot.plt       0x00000000200001fc        0x0 load address 0x000000000800562c
 .igot.plt      0x00000000200001fc        0x0 C:/ST/STM32CubeCLT/GNU-tools-for-STM32/bin/../lib/gcc/arm-none-eabi/11.3.1/thumb/v7-m/nofp/crtbegin.o
                0x00000000200001fc                . = ALIGN (0x4)

.bss            0x00000000200001fc      0x208 load address 0x000000000800562c
                0x00000000200001fc                _sbss = .
                0x00000000200001fc                __bss_start__ = _sbss
 *(.bss)
 .bss           0x00000000200001fc       0x1c C:/ST/STM32CubeCLT/GNU-tools-for-STM32/bin/../lib/gcc/arm-none-eabi/11.3.1/thumb/v7-m/nofp/crtbegin.o
 *(.bss*)
 .bss.__sf      0x0000000020000218      0x138 C:/ST/STM32CubeCLT/GNU-tools-for-STM32/bin/../lib/gcc/arm-none-eabi/11.3.1/../../../../arm-none-eabi/lib/thumb/v7-m/nofp\libc_nano.a(libc_a-findfp.o)
                0x0000000020000218                __sf
 .bss.__stdio_exit_handler
                0x0000000020000350        0x4 C:/ST/STM32CubeCLT/GNU-tools-for-STM32/bin/../lib/gcc/arm-none-eabi/11.3.1/../../../../arm-none-eabi/lib/thumb/v7-m/nofp\libc_nano.a(libc_a-findfp.o)
                0x0000000020000350                __stdio_exit_handler
 .bss.errno     0x0000000020000354        0x4 C:/ST/STM32CubeCLT/GNU-tools-for-STM32/bin/../lib/gcc/arm-none-eabi/11.3.1/../../../../arm-none-eabi/lib/thumb/v7-m/nofp\libc_nano.a(libc_a-reent.o)
                0x0000000020000354                errno
 .bss.__lock___malloc_recursive_mutex
                0x0000000020000358        0x1 C:/ST/STM32CubeCLT/GNU-tools-for-STM32/bin/../lib/gcc/arm-none-eabi/11.3.1/../../../../arm-none-eabi/lib/thumb/v7-m/nofp\libc_nano.a(libc_a-lock.o)
                0x0000000020000358                __lock___malloc_recursive_mutex
 .bss.__lock___sfp_recursive_mutex
                0x0000000020000359        0x1 C:/ST/STM32CubeCLT/GNU-tools-for-STM32/bin/../lib/gcc/arm-none-eabi/11.3.1/../../../../arm-none-eabi/lib/thumb/v7-m/nofp\libc_nano.a(libc_a-lock.o)
                0x0000000020000359                __lock___sfp_recursive_mutex
 *fill*         0x000000002000035a        0x2 
 .bss.__malloc_free_list
                0x000000002000035c        0x4 C:/ST/STM32CubeCLT/GNU-tools-for-STM32/bin/../lib/gcc/arm-none-eabi/11.3.1/../../../../arm-none-eabi/lib/thumb/v7-m/nofp\libc_nano.a(libc_a-mallocr.o)
                0x000000002000035c                __malloc_free_list
 .bss.__malloc_sbrk_start
                0x0000000020000360        0x4 C:/ST/STM32CubeCLT/GNU-tools-for-STM32/bin/../lib/gcc/arm-none-eabi/11.3.1/../../../../arm-none-eabi/lib/thumb/v7-m/nofp\libc_nano.a(libc_a-mallocr.o)
                0x0000000020000360                __malloc_sbrk_start
 .bss.sl_data   0x0000000020000364        0xc CMakeFiles/FAN_CONTROL.dir/Middleware/SuperLoop/sl.c.obj
 .bss.hmi_ctrl  0x0000000020000370        0x4 CMakeFiles/FAN_CONTROL.dir/HMI/Src/hmi.c.obj
                0x0000000020000370                hmi_ctrl
 .bss.hmi_execution_rate_1ms_timer
                0x0000000020000374        0x4 CMakeFiles/FAN_CONTROL.dir/HMI/Src/hmi.c.obj
                0x0000000020000374                hmi_execution_rate_1ms_timer
 .bss.adc_execution_rate_1ms_timer
                0x0000000020000378        0x4 CMakeFiles/FAN_CONTROL.dir/App/Src/adc.c.obj
                0x0000000020000378                adc_execution_rate_1ms_timer
 .bss.adc_value
                0x000000002000037c        0x4 CMakeFiles/FAN_CONTROL.dir/App/Src/adc.c.obj
 .bss.hmi_dashboard_ctrl
                0x0000000020000380        0x3 CMakeFiles/FAN_CONTROL.dir/HMI/Src/hmi_dashboard.c.obj
 *fill*         0x0000000020000383        0x1 
 .bss.__sbrk_heap_end
                0x0000000020000384        0x4 CMakeFiles/FAN_CONTROL.dir/Core/Src/sysmem.c.obj
 .bss.adc_buffer
                0x0000000020000388        0x2 CMakeFiles/FAN_CONTROL.dir/Core/Src/main.c.obj
                0x0000000020000388                adc_buffer
 *fill*         0x000000002000038a        0x2 
 .bss.hadc1     0x000000002000038c       0x30 CMakeFiles/FAN_CONTROL.dir/Core/Src/main.c.obj
                0x000000002000038c                hadc1
 .bss.hdma_adc1
                0x00000000200003bc       0x44 CMakeFiles/FAN_CONTROL.dir/Core/Src/main.c.obj
                0x00000000200003bc                hdma_adc1
 .bss.uwTick    0x0000000020000400        0x4 CMakeFiles/FAN_CONTROL.dir/Drivers/STM32F1xx_HAL_Driver/Src/stm32f1xx_hal.c.obj
                0x0000000020000400                uwTick
 *(COMMON)
                0x0000000020000404                . = ALIGN (0x4)
                0x0000000020000404                _ebss = .
                0x0000000020000404                __bss_end__ = _ebss

._user_heap_stack
                0x0000000020000404      0x604 load address 0x000000000800562c
                0x0000000020000408                . = ALIGN (0x8)
 *fill*         0x0000000020000404        0x4 
                [!provide]                        PROVIDE (end = .)
                0x0000000020000408                PROVIDE (_end = .)
                0x0000000020000608                . = (. + _Min_Heap_Size)
 *fill*         0x0000000020000408      0x200 
                0x0000000020000a08                . = (. + _Min_Stack_Size)
 *fill*         0x0000000020000608      0x400 
                0x0000000020000a08                . = ALIGN (0x8)

/DISCARD/
 libc.a(*)
 libm.a(*)
 libgcc.a(*)

.ARM.attributes
                0x0000000000000000       0x29
 *(.ARM.attributes)
 .ARM.attributes
                0x0000000000000000       0x1d C:/ST/STM32CubeCLT/GNU-tools-for-STM32/bin/../lib/gcc/arm-none-eabi/11.3.1/thumb/v7-m/nofp/crti.o
 .ARM.attributes
                0x000000000000001d       0x2d C:/ST/STM32CubeCLT/GNU-tools-for-STM32/bin/../lib/gcc/arm-none-eabi/11.3.1/thumb/v7-m/nofp/crtbegin.o
 .ARM.attributes
                0x000000000000004a       0x2d C:/ST/STM32CubeCLT/GNU-tools-for-STM32/bin/../lib/gcc/arm-none-eabi/11.3.1/../../../../arm-none-eabi/lib/thumb/v7-m/nofp\libc_nano.a(libc_a-nano-vfprintf_float.o)
 .ARM.attributes
                0x0000000000000077       0x2d C:/ST/STM32CubeCLT/GNU-tools-for-STM32/bin/../lib/gcc/arm-none-eabi/11.3.1/../../../../arm-none-eabi/lib/thumb/v7-m/nofp\libc_nano.a(libc_a-nano-vfprintf_i.o)
 .ARM.attributes
                0x00000000000000a4       0x2d C:/ST/STM32CubeCLT/GNU-tools-for-STM32/bin/../lib/gcc/arm-none-eabi/11.3.1/../../../../arm-none-eabi/lib/thumb/v7-m/nofp\libc_nano.a(libc_a-findfp.o)
 .ARM.attributes
                0x00000000000000d1       0x2d C:/ST/STM32CubeCLT/GNU-tools-for-STM32/bin/../lib/gcc/arm-none-eabi/11.3.1/../../../../arm-none-eabi/lib/thumb/v7-m/nofp\libc_nano.a(libc_a-fwalk.o)
 .ARM.attributes
                0x00000000000000fe       0x2d C:/ST/STM32CubeCLT/GNU-tools-for-STM32/bin/../lib/gcc/arm-none-eabi/11.3.1/../../../../arm-none-eabi/lib/thumb/v7-m/nofp\libc_nano.a(libc_a-stdio.o)
 .ARM.attributes
                0x000000000000012b       0x2d C:/ST/STM32CubeCLT/GNU-tools-for-STM32/bin/../lib/gcc/arm-none-eabi/11.3.1/../../../../arm-none-eabi/lib/thumb/v7-m/nofp\libc_nano.a(libc_a-memset.o)
 .ARM.attributes
                0x0000000000000158       0x2d C:/ST/STM32CubeCLT/GNU-tools-for-STM32/bin/../lib/gcc/arm-none-eabi/11.3.1/../../../../arm-none-eabi/lib/thumb/v7-m/nofp\libc_nano.a(libc_a-localeconv.o)
 .ARM.attributes
                0x0000000000000185       0x2d C:/ST/STM32CubeCLT/GNU-tools-for-STM32/bin/../lib/gcc/arm-none-eabi/11.3.1/../../../../arm-none-eabi/lib/thumb/v7-m/nofp\libc_nano.a(libc_a-closer.o)
 .ARM.attributes
                0x00000000000001b2       0x2d C:/ST/STM32CubeCLT/GNU-tools-for-STM32/bin/../lib/gcc/arm-none-eabi/11.3.1/../../../../arm-none-eabi/lib/thumb/v7-m/nofp\libc_nano.a(libc_a-reent.o)
 .ARM.attributes
                0x00000000000001df       0x2d C:/ST/STM32CubeCLT/GNU-tools-for-STM32/bin/../lib/gcc/arm-none-eabi/11.3.1/../../../../arm-none-eabi/lib/thumb/v7-m/nofp\libc_nano.a(libc_a-impure.o)
 .ARM.attributes
                0x000000000000020c       0x2d C:/ST/STM32CubeCLT/GNU-tools-for-STM32/bin/../lib/gcc/arm-none-eabi/11.3.1/../../../../arm-none-eabi/lib/thumb/v7-m/nofp\libc_nano.a(libc_a-lseekr.o)
 .ARM.attributes
                0x0000000000000239       0x2d C:/ST/STM32CubeCLT/GNU-tools-for-STM32/bin/../lib/gcc/arm-none-eabi/11.3.1/../../../../arm-none-eabi/lib/thumb/v7-m/nofp\libc_nano.a(libc_a-readr.o)
 .ARM.attributes
                0x0000000000000266       0x2d C:/ST/STM32CubeCLT/GNU-tools-for-STM32/bin/../lib/gcc/arm-none-eabi/11.3.1/../../../../arm-none-eabi/lib/thumb/v7-m/nofp\libc_nano.a(libc_a-writer.o)
 .ARM.attributes
                0x0000000000000293       0x2d C:/ST/STM32CubeCLT/GNU-tools-for-STM32/bin/../lib/gcc/arm-none-eabi/11.3.1/../../../../arm-none-eabi/lib/thumb/v7-m/nofp\libc_nano.a(libc_a-init.o)
 .ARM.attributes
                0x00000000000002c0       0x2d C:/ST/STM32CubeCLT/GNU-tools-for-STM32/bin/../lib/gcc/arm-none-eabi/11.3.1/../../../../arm-none-eabi/lib/thumb/v7-m/nofp\libc_nano.a(libc_a-lock.o)
 .ARM.attributes
                0x00000000000002ed       0x2d C:/ST/STM32CubeCLT/GNU-tools-for-STM32/bin/../lib/gcc/arm-none-eabi/11.3.1/../../../../arm-none-eabi/lib/thumb/v7-m/nofp\libc_nano.a(libc_a-memchr-stub.o)
 .ARM.attributes
                0x000000000000031a       0x17 C:/ST/STM32CubeCLT/GNU-tools-for-STM32/bin/../lib/gcc/arm-none-eabi/11.3.1/../../../../arm-none-eabi/lib/thumb/v7-m/nofp\libc_nano.a(libc_a-strlen.o)
 .ARM.attributes
                0x0000000000000331       0x2d C:/ST/STM32CubeCLT/GNU-tools-for-STM32/bin/../lib/gcc/arm-none-eabi/11.3.1/../../../../arm-none-eabi/lib/thumb/v7-m/nofp\libc_nano.a(libc_a-dtoa.o)
 .ARM.attributes
                0x000000000000035e       0x2d C:/ST/STM32CubeCLT/GNU-tools-for-STM32/bin/../lib/gcc/arm-none-eabi/11.3.1/../../../../arm-none-eabi/lib/thumb/v7-m/nofp\libc_nano.a(libc_a-freer.o)
 .ARM.attributes
                0x000000000000038b       0x2d C:/ST/STM32CubeCLT/GNU-tools-for-STM32/bin/../lib/gcc/arm-none-eabi/11.3.1/../../../../arm-none-eabi/lib/thumb/v7-m/nofp\libc_nano.a(libc_a-malloc.o)
 .ARM.attributes
                0x00000000000003b8       0x2d C:/ST/STM32CubeCLT/GNU-tools-for-STM32/bin/../lib/gcc/arm-none-eabi/11.3.1/../../../../arm-none-eabi/lib/thumb/v7-m/nofp\libc_nano.a(libc_a-mallocr.o)
 .ARM.attributes
                0x00000000000003e5       0x2d C:/ST/STM32CubeCLT/GNU-tools-for-STM32/bin/../lib/gcc/arm-none-eabi/11.3.1/../../../../arm-none-eabi/lib/thumb/v7-m/nofp\libc_nano.a(libc_a-mlock.o)
 .ARM.attributes
                0x0000000000000412       0x2d C:/ST/STM32CubeCLT/GNU-tools-for-STM32/bin/../lib/gcc/arm-none-eabi/11.3.1/../../../../arm-none-eabi/lib/thumb/v7-m/nofp\libc_nano.a(libc_a-mprec.o)
 .ARM.attributes
                0x000000000000043f       0x2d C:/ST/STM32CubeCLT/GNU-tools-for-STM32/bin/../lib/gcc/arm-none-eabi/11.3.1/../../../../arm-none-eabi/lib/thumb/v7-m/nofp\libc_nano.a(libc_a-fflush.o)
 .ARM.attributes
                0x000000000000046c       0x2d C:/ST/STM32CubeCLT/GNU-tools-for-STM32/bin/../lib/gcc/arm-none-eabi/11.3.1/../../../../arm-none-eabi/lib/thumb/v7-m/nofp\libc_nano.a(libc_a-locale.o)
 .ARM.attributes
                0x0000000000000499       0x2d C:/ST/STM32CubeCLT/GNU-tools-for-STM32/bin/../lib/gcc/arm-none-eabi/11.3.1/../../../../arm-none-eabi/lib/thumb/v7-m/nofp\libc_nano.a(libc_a-sbrkr.o)
 .ARM.attributes
                0x00000000000004c6       0x2d C:/ST/STM32CubeCLT/GNU-tools-for-STM32/bin/../lib/gcc/arm-none-eabi/11.3.1/../../../../arm-none-eabi/lib/thumb/v7-m/nofp\libc_nano.a(libc_a-memcpy-stub.o)
 .ARM.attributes
                0x00000000000004f3       0x2d C:/ST/STM32CubeCLT/GNU-tools-for-STM32/bin/../lib/gcc/arm-none-eabi/11.3.1/../../../../arm-none-eabi/lib/thumb/v7-m/nofp\libc_nano.a(libc_a-assert.o)
 .ARM.attributes
                0x0000000000000520       0x2d C:/ST/STM32CubeCLT/GNU-tools-for-STM32/bin/../lib/gcc/arm-none-eabi/11.3.1/../../../../arm-none-eabi/lib/thumb/v7-m/nofp\libc_nano.a(libc_a-callocr.o)
 .ARM.attributes
                0x000000000000054d       0x2d C:/ST/STM32CubeCLT/GNU-tools-for-STM32/bin/../lib/gcc/arm-none-eabi/11.3.1/../../../../arm-none-eabi/lib/thumb/v7-m/nofp\libc_nano.a(libc_a-mbtowc_r.o)
 .ARM.attributes
                0x000000000000057a       0x2d C:/ST/STM32CubeCLT/GNU-tools-for-STM32/bin/../lib/gcc/arm-none-eabi/11.3.1/../../../../arm-none-eabi/lib/thumb/v7-m/nofp\libc_nano.a(libc_a-wctomb_r.o)
 .ARM.attributes
                0x00000000000005a7       0x2d C:/ST/STM32CubeCLT/GNU-tools-for-STM32/bin/../lib/gcc/arm-none-eabi/11.3.1/../../../../arm-none-eabi/lib/thumb/v7-m/nofp\libc_nano.a(libc_a-ctype_.o)
 .ARM.attributes
                0x00000000000005d4       0x2d C:/ST/STM32CubeCLT/GNU-tools-for-STM32/bin/../lib/gcc/arm-none-eabi/11.3.1/../../../../arm-none-eabi/lib/thumb/v7-m/nofp\libc_nano.a(libc_a-fprintf.o)
 .ARM.attributes
                0x0000000000000601       0x2d C:/ST/STM32CubeCLT/GNU-tools-for-STM32/bin/../lib/gcc/arm-none-eabi/11.3.1/../../../../arm-none-eabi/lib/thumb/v7-m/nofp\libc_nano.a(libc_a-abort.o)
 .ARM.attributes
                0x000000000000062e       0x2d C:/ST/STM32CubeCLT/GNU-tools-for-STM32/bin/../lib/gcc/arm-none-eabi/11.3.1/../../../../arm-none-eabi/lib/thumb/v7-m/nofp\libc_nano.a(libc_a-nano-vfprintf.o)
 .ARM.attributes
                0x000000000000065b       0x2d C:/ST/STM32CubeCLT/GNU-tools-for-STM32/bin/../lib/gcc/arm-none-eabi/11.3.1/../../../../arm-none-eabi/lib/thumb/v7-m/nofp\libc_nano.a(libc_a-wbuf.o)
 .ARM.attributes
                0x0000000000000688       0x2d C:/ST/STM32CubeCLT/GNU-tools-for-STM32/bin/../lib/gcc/arm-none-eabi/11.3.1/../../../../arm-none-eabi/lib/thumb/v7-m/nofp\libc_nano.a(libc_a-wsetup.o)
 .ARM.attributes
                0x00000000000006b5       0x2d C:/ST/STM32CubeCLT/GNU-tools-for-STM32/bin/../lib/gcc/arm-none-eabi/11.3.1/../../../../arm-none-eabi/lib/thumb/v7-m/nofp\libc_nano.a(libc_a-signal.o)
 .ARM.attributes
                0x00000000000006e2       0x2d C:/ST/STM32CubeCLT/GNU-tools-for-STM32/bin/../lib/gcc/arm-none-eabi/11.3.1/../../../../arm-none-eabi/lib/thumb/v7-m/nofp\libc_nano.a(libc_a-signalr.o)
 .ARM.attributes
                0x000000000000070f       0x2d C:/ST/STM32CubeCLT/GNU-tools-for-STM32/bin/../lib/gcc/arm-none-eabi/11.3.1/../../../../arm-none-eabi/lib/thumb/v7-m/nofp\libc_nano.a(libc_a-makebuf.o)
 .ARM.attributes
                0x000000000000073c       0x2d C:/ST/STM32CubeCLT/GNU-tools-for-STM32/bin/../lib/gcc/arm-none-eabi/11.3.1/../../../../arm-none-eabi/lib/thumb/v7-m/nofp\libc_nano.a(libc_a-fstatr.o)
 .ARM.attributes
                0x0000000000000769       0x2d C:/ST/STM32CubeCLT/GNU-tools-for-STM32/bin/../lib/gcc/arm-none-eabi/11.3.1/../../../../arm-none-eabi/lib/thumb/v7-m/nofp\libc_nano.a(libc_a-isattyr.o)
 .ARM.attributes
                0x0000000000000796       0x2d CMakeFiles/FAN_CONTROL.dir/Middleware/SuperLoop/sl.c.obj
 .ARM.attributes
                0x00000000000007c3       0x2d CMakeFiles/FAN_CONTROL.dir/HMI/Src/hmi.c.obj
 .ARM.attributes
                0x00000000000007f0       0x2d CMakeFiles/FAN_CONTROL.dir/App/Src/adc.c.obj
 .ARM.attributes
                0x000000000000081d       0x2d CMakeFiles/FAN_CONTROL.dir/HMI/Src/hmi_dashboard.c.obj
 .ARM.attributes
                0x000000000000084a       0x2d CMakeFiles/FAN_CONTROL.dir/HMI/Src/hmi_intro.c.obj
 .ARM.attributes
                0x0000000000000877       0x2d CMakeFiles/FAN_CONTROL.dir/Core/Src/sysmem.c.obj
 .ARM.attributes
                0x00000000000008a4       0x2d CMakeFiles/FAN_CONTROL.dir/Core/Src/system_stm32f1xx.c.obj
 .ARM.attributes
                0x00000000000008d1       0x2d CMakeFiles/FAN_CONTROL.dir/Core/Src/syscalls.c.obj
 .ARM.attributes
                0x00000000000008fe       0x2d CMakeFiles/FAN_CONTROL.dir/Core/Src/stm32f1xx_it.c.obj
 .ARM.attributes
                0x000000000000092b       0x2d CMakeFiles/FAN_CONTROL.dir/Core/Src/stm32f1xx_hal_msp.c.obj
 .ARM.attributes
                0x0000000000000958       0x2d CMakeFiles/FAN_CONTROL.dir/Drivers/STM32F1xx_HAL_Driver/Src/stm32f1xx_hal_adc.c.obj
 .ARM.attributes
                0x0000000000000985       0x2d CMakeFiles/FAN_CONTROL.dir/Drivers/STM32F1xx_HAL_Driver/Src/stm32f1xx_hal_adc_ex.c.obj
 .ARM.attributes
                0x00000000000009b2       0x2d CMakeFiles/FAN_CONTROL.dir/Drivers/STM32F1xx_HAL_Driver/Src/stm32f1xx_hal_cortex.c.obj
 .ARM.attributes
                0x00000000000009df       0x2d CMakeFiles/FAN_CONTROL.dir/Drivers/STM32F1xx_HAL_Driver/Src/stm32f1xx_hal_dma.c.obj
 .ARM.attributes
                0x0000000000000a0c       0x2d CMakeFiles/FAN_CONTROL.dir/Drivers/STM32F1xx_HAL_Driver/Src/stm32f1xx_hal_gpio.c.obj
 .ARM.attributes
                0x0000000000000a39       0x2d CMakeFiles/FAN_CONTROL.dir/Core/Src/main.c.obj
 .ARM.attributes
                0x0000000000000a66       0x2d CMakeFiles/FAN_CONTROL.dir/Drivers/STM32F1xx_HAL_Driver/Src/stm32f1xx_hal_rcc_ex.c.obj
 .ARM.attributes
                0x0000000000000a93       0x2d CMakeFiles/FAN_CONTROL.dir/Drivers/STM32F1xx_HAL_Driver/Src/stm32f1xx_hal_rcc.c.obj
 .ARM.attributes
                0x0000000000000ac0       0x2d CMakeFiles/FAN_CONTROL.dir/Drivers/STM32F1xx_HAL_Driver/Src/stm32f1xx_hal.c.obj
 .ARM.attributes
                0x0000000000000aed       0x21 CMakeFiles/FAN_CONTROL.dir/Core/Startup/startup_stm32f103c8tx.s.obj
 .ARM.attributes
                0x0000000000000b0e       0x1d C:/ST/STM32CubeCLT/GNU-tools-for-STM32/bin/../lib/gcc/arm-none-eabi/11.3.1/thumb/v7-m/nofp\libgcc.a(_arm_addsubdf3.o)
 .ARM.attributes
                0x0000000000000b2b       0x1d C:/ST/STM32CubeCLT/GNU-tools-for-STM32/bin/../lib/gcc/arm-none-eabi/11.3.1/thumb/v7-m/nofp\libgcc.a(_arm_muldivdf3.o)
 .ARM.attributes
                0x0000000000000b48       0x1d C:/ST/STM32CubeCLT/GNU-tools-for-STM32/bin/../lib/gcc/arm-none-eabi/11.3.1/thumb/v7-m/nofp\libgcc.a(_arm_cmpdf2.o)
 .ARM.attributes
                0x0000000000000b65       0x1d C:/ST/STM32CubeCLT/GNU-tools-for-STM32/bin/../lib/gcc/arm-none-eabi/11.3.1/thumb/v7-m/nofp\libgcc.a(_arm_unorddf2.o)
 .ARM.attributes
                0x0000000000000b82       0x1d C:/ST/STM32CubeCLT/GNU-tools-for-STM32/bin/../lib/gcc/arm-none-eabi/11.3.1/thumb/v7-m/nofp\libgcc.a(_arm_fixdfsi.o)
 .ARM.attributes
                0x0000000000000b9f       0x2d C:/ST/STM32CubeCLT/GNU-tools-for-STM32/bin/../lib/gcc/arm-none-eabi/11.3.1/../../../../arm-none-eabi/lib/thumb/v7-m/nofp\libg_nano.a(libc_a-errno.o)
 .ARM.attributes
                0x0000000000000bcc       0x1d C:/ST/STM32CubeCLT/GNU-tools-for-STM32/bin/../lib/gcc/arm-none-eabi/11.3.1/thumb/v7-m/nofp/crtn.o
OUTPUT(FAN_CONTROL.elf elf32-littlearm)
LOAD linker stubs
LOAD C:/ST/STM32CubeCLT/GNU-tools-for-STM32/bin/../lib/gcc/arm-none-eabi/11.3.1/../../../../arm-none-eabi/lib/thumb/v7-m/nofp\libc.a
LOAD C:/ST/STM32CubeCLT/GNU-tools-for-STM32/bin/../lib/gcc/arm-none-eabi/11.3.1/../../../../arm-none-eabi/lib/thumb/v7-m/nofp\libm.a
LOAD C:/ST/STM32CubeCLT/GNU-tools-for-STM32/bin/../lib/gcc/arm-none-eabi/11.3.1/thumb/v7-m/nofp\libgcc.a

.comment        0x0000000000000000       0x43
 .comment       0x0000000000000000       0x43 C:/ST/STM32CubeCLT/GNU-tools-for-STM32/bin/../lib/gcc/arm-none-eabi/11.3.1/thumb/v7-m/nofp/crtbegin.o
                                         0x44 (size before relaxing)
 .comment       0x0000000000000043       0x44 CMakeFiles/FAN_CONTROL.dir/Middleware/SuperLoop/sl.c.obj
 .comment       0x0000000000000043       0x44 CMakeFiles/FAN_CONTROL.dir/HMI/Src/hmi.c.obj
 .comment       0x0000000000000043       0x44 CMakeFiles/FAN_CONTROL.dir/App/Src/adc.c.obj
 .comment       0x0000000000000043       0x44 CMakeFiles/FAN_CONTROL.dir/HMI/Src/hmi_dashboard.c.obj
 .comment       0x0000000000000043       0x44 CMakeFiles/FAN_CONTROL.dir/HMI/Src/hmi_intro.c.obj
 .comment       0x0000000000000043       0x44 CMakeFiles/FAN_CONTROL.dir/Core/Src/sysmem.c.obj
 .comment       0x0000000000000043       0x44 CMakeFiles/FAN_CONTROL.dir/Core/Src/system_stm32f1xx.c.obj
 .comment       0x0000000000000043       0x44 CMakeFiles/FAN_CONTROL.dir/Core/Src/syscalls.c.obj
 .comment       0x0000000000000043       0x44 CMakeFiles/FAN_CONTROL.dir/Core/Src/stm32f1xx_it.c.obj
 .comment       0x0000000000000043       0x44 CMakeFiles/FAN_CONTROL.dir/Core/Src/stm32f1xx_hal_msp.c.obj
 .comment       0x0000000000000043       0x44 CMakeFiles/FAN_CONTROL.dir/Drivers/STM32F1xx_HAL_Driver/Src/stm32f1xx_hal_adc.c.obj
 .comment       0x0000000000000043       0x44 CMakeFiles/FAN_CONTROL.dir/Drivers/STM32F1xx_HAL_Driver/Src/stm32f1xx_hal_adc_ex.c.obj
 .comment       0x0000000000000043       0x44 CMakeFiles/FAN_CONTROL.dir/Drivers/STM32F1xx_HAL_Driver/Src/stm32f1xx_hal_cortex.c.obj
 .comment       0x0000000000000043       0x44 CMakeFiles/FAN_CONTROL.dir/Drivers/STM32F1xx_HAL_Driver/Src/stm32f1xx_hal_dma.c.obj
 .comment       0x0000000000000043       0x44 CMakeFiles/FAN_CONTROL.dir/Drivers/STM32F1xx_HAL_Driver/Src/stm32f1xx_hal_gpio.c.obj
 .comment       0x0000000000000043       0x44 CMakeFiles/FAN_CONTROL.dir/Core/Src/main.c.obj
 .comment       0x0000000000000043       0x44 CMakeFiles/FAN_CONTROL.dir/Drivers/STM32F1xx_HAL_Driver/Src/stm32f1xx_hal_rcc_ex.c.obj
 .comment       0x0000000000000043       0x44 CMakeFiles/FAN_CONTROL.dir/Drivers/STM32F1xx_HAL_Driver/Src/stm32f1xx_hal_rcc.c.obj
 .comment       0x0000000000000043       0x44 CMakeFiles/FAN_CONTROL.dir/Drivers/STM32F1xx_HAL_Driver/Src/stm32f1xx_hal.c.obj
 .comment       0x0000000000000043       0x44 C:/ST/STM32CubeCLT/GNU-tools-for-STM32/bin/../lib/gcc/arm-none-eabi/11.3.1/../../../../arm-none-eabi/lib/thumb/v7-m/nofp\libg_nano.a(libc_a-errno.o)

.debug_frame    0x0000000000000000     0x22b0
 .debug_frame   0x0000000000000000       0x94 C:/ST/STM32CubeCLT/GNU-tools-for-STM32/bin/../lib/gcc/arm-none-eabi/11.3.1/../../../../arm-none-eabi/lib/thumb/v7-m/nofp\libc_nano.a(libc_a-nano-vfprintf_float.o)
 .debug_frame   0x0000000000000094       0x60 C:/ST/STM32CubeCLT/GNU-tools-for-STM32/bin/../lib/gcc/arm-none-eabi/11.3.1/../../../../arm-none-eabi/lib/thumb/v7-m/nofp\libc_nano.a(libc_a-nano-vfprintf_i.o)
 .debug_frame   0x00000000000000f4      0x13c C:/ST/STM32CubeCLT/GNU-tools-for-STM32/bin/../lib/gcc/arm-none-eabi/11.3.1/../../../../arm-none-eabi/lib/thumb/v7-m/nofp\libc_nano.a(libc_a-findfp.o)
 .debug_frame   0x0000000000000230       0x34 C:/ST/STM32CubeCLT/GNU-tools-for-STM32/bin/../lib/gcc/arm-none-eabi/11.3.1/../../../../arm-none-eabi/lib/thumb/v7-m/nofp\libc_nano.a(libc_a-fwalk.o)
 .debug_frame   0x0000000000000264       0x88 C:/ST/STM32CubeCLT/GNU-tools-for-STM32/bin/../lib/gcc/arm-none-eabi/11.3.1/../../../../arm-none-eabi/lib/thumb/v7-m/nofp\libc_nano.a(libc_a-stdio.o)
 .debug_frame   0x00000000000002ec       0x20 C:/ST/STM32CubeCLT/GNU-tools-for-STM32/bin/../lib/gcc/arm-none-eabi/11.3.1/../../../../arm-none-eabi/lib/thumb/v7-m/nofp\libc_nano.a(libc_a-memset.o)
 .debug_frame   0x000000000000030c       0x40 C:/ST/STM32CubeCLT/GNU-tools-for-STM32/bin/../lib/gcc/arm-none-eabi/11.3.1/../../../../arm-none-eabi/lib/thumb/v7-m/nofp\libc_nano.a(libc_a-localeconv.o)
 .debug_frame   0x000000000000034c       0x2c C:/ST/STM32CubeCLT/GNU-tools-for-STM32/bin/../lib/gcc/arm-none-eabi/11.3.1/../../../../arm-none-eabi/lib/thumb/v7-m/nofp\libc_nano.a(libc_a-closer.o)
 .debug_frame   0x0000000000000378       0x38 C:/ST/STM32CubeCLT/GNU-tools-for-STM32/bin/../lib/gcc/arm-none-eabi/11.3.1/../../../../arm-none-eabi/lib/thumb/v7-m/nofp\libc_nano.a(libc_a-reent.o)
 .debug_frame   0x00000000000003b0       0x2c C:/ST/STM32CubeCLT/GNU-tools-for-STM32/bin/../lib/gcc/arm-none-eabi/11.3.1/../../../../arm-none-eabi/lib/thumb/v7-m/nofp\libc_nano.a(libc_a-lseekr.o)
 .debug_frame   0x00000000000003dc       0x2c C:/ST/STM32CubeCLT/GNU-tools-for-STM32/bin/../lib/gcc/arm-none-eabi/11.3.1/../../../../arm-none-eabi/lib/thumb/v7-m/nofp\libc_nano.a(libc_a-readr.o)
 .debug_frame   0x0000000000000408       0x2c C:/ST/STM32CubeCLT/GNU-tools-for-STM32/bin/../lib/gcc/arm-none-eabi/11.3.1/../../../../arm-none-eabi/lib/thumb/v7-m/nofp\libc_nano.a(libc_a-writer.o)
 .debug_frame   0x0000000000000434       0x2c C:/ST/STM32CubeCLT/GNU-tools-for-STM32/bin/../lib/gcc/arm-none-eabi/11.3.1/../../../../arm-none-eabi/lib/thumb/v7-m/nofp\libc_nano.a(libc_a-init.o)
 .debug_frame   0x0000000000000460       0xb0 C:/ST/STM32CubeCLT/GNU-tools-for-STM32/bin/../lib/gcc/arm-none-eabi/11.3.1/../../../../arm-none-eabi/lib/thumb/v7-m/nofp\libc_nano.a(libc_a-lock.o)
 .debug_frame   0x0000000000000510       0x28 C:/ST/STM32CubeCLT/GNU-tools-for-STM32/bin/../lib/gcc/arm-none-eabi/11.3.1/../../../../arm-none-eabi/lib/thumb/v7-m/nofp\libc_nano.a(libc_a-memchr-stub.o)
 .debug_frame   0x0000000000000538       0x6c C:/ST/STM32CubeCLT/GNU-tools-for-STM32/bin/../lib/gcc/arm-none-eabi/11.3.1/../../../../arm-none-eabi/lib/thumb/v7-m/nofp\libc_nano.a(libc_a-dtoa.o)
 .debug_frame   0x00000000000005a4       0x38 C:/ST/STM32CubeCLT/GNU-tools-for-STM32/bin/../lib/gcc/arm-none-eabi/11.3.1/../../../../arm-none-eabi/lib/thumb/v7-m/nofp\libc_nano.a(libc_a-freer.o)
 .debug_frame   0x00000000000005dc       0x30 C:/ST/STM32CubeCLT/GNU-tools-for-STM32/bin/../lib/gcc/arm-none-eabi/11.3.1/../../../../arm-none-eabi/lib/thumb/v7-m/nofp\libc_nano.a(libc_a-malloc.o)
 .debug_frame   0x000000000000060c       0x50 C:/ST/STM32CubeCLT/GNU-tools-for-STM32/bin/../lib/gcc/arm-none-eabi/11.3.1/../../../../arm-none-eabi/lib/thumb/v7-m/nofp\libc_nano.a(libc_a-mallocr.o)
 .debug_frame   0x000000000000065c       0x30 C:/ST/STM32CubeCLT/GNU-tools-for-STM32/bin/../lib/gcc/arm-none-eabi/11.3.1/../../../../arm-none-eabi/lib/thumb/v7-m/nofp\libc_nano.a(libc_a-mlock.o)
 .debug_frame   0x000000000000068c      0x24c C:/ST/STM32CubeCLT/GNU-tools-for-STM32/bin/../lib/gcc/arm-none-eabi/11.3.1/../../../../arm-none-eabi/lib/thumb/v7-m/nofp\libc_nano.a(libc_a-mprec.o)
 .debug_frame   0x00000000000008d8       0x5c C:/ST/STM32CubeCLT/GNU-tools-for-STM32/bin/../lib/gcc/arm-none-eabi/11.3.1/../../../../arm-none-eabi/lib/thumb/v7-m/nofp\libc_nano.a(libc_a-fflush.o)
 .debug_frame   0x0000000000000934       0x48 C:/ST/STM32CubeCLT/GNU-tools-for-STM32/bin/../lib/gcc/arm-none-eabi/11.3.1/../../../../arm-none-eabi/lib/thumb/v7-m/nofp\libc_nano.a(libc_a-locale.o)
 .debug_frame   0x000000000000097c       0x2c C:/ST/STM32CubeCLT/GNU-tools-for-STM32/bin/../lib/gcc/arm-none-eabi/11.3.1/../../../../arm-none-eabi/lib/thumb/v7-m/nofp\libc_nano.a(libc_a-sbrkr.o)
 .debug_frame   0x00000000000009a8       0x28 C:/ST/STM32CubeCLT/GNU-tools-for-STM32/bin/../lib/gcc/arm-none-eabi/11.3.1/../../../../arm-none-eabi/lib/thumb/v7-m/nofp\libc_nano.a(libc_a-memcpy-stub.o)
 .debug_frame   0x00000000000009d0       0x40 C:/ST/STM32CubeCLT/GNU-tools-for-STM32/bin/../lib/gcc/arm-none-eabi/11.3.1/../../../../arm-none-eabi/lib/thumb/v7-m/nofp\libc_nano.a(libc_a-assert.o)
 .debug_frame   0x0000000000000a10       0x2c C:/ST/STM32CubeCLT/GNU-tools-for-STM32/bin/../lib/gcc/arm-none-eabi/11.3.1/../../../../arm-none-eabi/lib/thumb/v7-m/nofp\libc_nano.a(libc_a-callocr.o)
 .debug_frame   0x0000000000000a3c       0x48 C:/ST/STM32CubeCLT/GNU-tools-for-STM32/bin/../lib/gcc/arm-none-eabi/11.3.1/../../../../arm-none-eabi/lib/thumb/v7-m/nofp\libc_nano.a(libc_a-mbtowc_r.o)
 .debug_frame   0x0000000000000a84       0x3c C:/ST/STM32CubeCLT/GNU-tools-for-STM32/bin/../lib/gcc/arm-none-eabi/11.3.1/../../../../arm-none-eabi/lib/thumb/v7-m/nofp\libc_nano.a(libc_a-wctomb_r.o)
 .debug_frame   0x0000000000000ac0       0x64 C:/ST/STM32CubeCLT/GNU-tools-for-STM32/bin/../lib/gcc/arm-none-eabi/11.3.1/../../../../arm-none-eabi/lib/thumb/v7-m/nofp\libc_nano.a(libc_a-fprintf.o)
 .debug_frame   0x0000000000000b24       0x28 C:/ST/STM32CubeCLT/GNU-tools-for-STM32/bin/../lib/gcc/arm-none-eabi/11.3.1/../../../../arm-none-eabi/lib/thumb/v7-m/nofp\libc_nano.a(libc_a-abort.o)
 .debug_frame   0x0000000000000b4c       0xa8 C:/ST/STM32CubeCLT/GNU-tools-for-STM32/bin/../lib/gcc/arm-none-eabi/11.3.1/../../../../arm-none-eabi/lib/thumb/v7-m/nofp\libc_nano.a(libc_a-nano-vfprintf.o)
 .debug_frame   0x0000000000000bf4       0x40 C:/ST/STM32CubeCLT/GNU-tools-for-STM32/bin/../lib/gcc/arm-none-eabi/11.3.1/../../../../arm-none-eabi/lib/thumb/v7-m/nofp\libc_nano.a(libc_a-wbuf.o)
 .debug_frame   0x0000000000000c34       0x2c C:/ST/STM32CubeCLT/GNU-tools-for-STM32/bin/../lib/gcc/arm-none-eabi/11.3.1/../../../../arm-none-eabi/lib/thumb/v7-m/nofp\libc_nano.a(libc_a-wsetup.o)
 .debug_frame   0x0000000000000c60       0xcc C:/ST/STM32CubeCLT/GNU-tools-for-STM32/bin/../lib/gcc/arm-none-eabi/11.3.1/../../../../arm-none-eabi/lib/thumb/v7-m/nofp\libc_nano.a(libc_a-signal.o)
 .debug_frame   0x0000000000000d2c       0x3c C:/ST/STM32CubeCLT/GNU-tools-for-STM32/bin/../lib/gcc/arm-none-eabi/11.3.1/../../../../arm-none-eabi/lib/thumb/v7-m/nofp\libc_nano.a(libc_a-signalr.o)
 .debug_frame   0x0000000000000d68       0x58 C:/ST/STM32CubeCLT/GNU-tools-for-STM32/bin/../lib/gcc/arm-none-eabi/11.3.1/../../../../arm-none-eabi/lib/thumb/v7-m/nofp\libc_nano.a(libc_a-makebuf.o)
 .debug_frame   0x0000000000000dc0       0x2c C:/ST/STM32CubeCLT/GNU-tools-for-STM32/bin/../lib/gcc/arm-none-eabi/11.3.1/../../../../arm-none-eabi/lib/thumb/v7-m/nofp\libc_nano.a(libc_a-fstatr.o)
 .debug_frame   0x0000000000000dec       0x2c C:/ST/STM32CubeCLT/GNU-tools-for-STM32/bin/../lib/gcc/arm-none-eabi/11.3.1/../../../../arm-none-eabi/lib/thumb/v7-m/nofp\libc_nano.a(libc_a-isattyr.o)
 .debug_frame   0x0000000000000e18       0xd0 CMakeFiles/FAN_CONTROL.dir/Middleware/SuperLoop/sl.c.obj
 .debug_frame   0x0000000000000ee8       0xc8 CMakeFiles/FAN_CONTROL.dir/HMI/Src/hmi.c.obj
 .debug_frame   0x0000000000000fb0       0x78 CMakeFiles/FAN_CONTROL.dir/App/Src/adc.c.obj
 .debug_frame   0x0000000000001028       0xdc CMakeFiles/FAN_CONTROL.dir/HMI/Src/hmi_dashboard.c.obj
 .debug_frame   0x0000000000001104       0x5c CMakeFiles/FAN_CONTROL.dir/HMI/Src/hmi_intro.c.obj
 .debug_frame   0x0000000000001160       0x28 CMakeFiles/FAN_CONTROL.dir/Core/Src/sysmem.c.obj
 .debug_frame   0x0000000000001188       0x30 CMakeFiles/FAN_CONTROL.dir/Core/Src/system_stm32f1xx.c.obj
 .debug_frame   0x00000000000011b8      0x190 CMakeFiles/FAN_CONTROL.dir/Core/Src/syscalls.c.obj
 .debug_frame   0x0000000000001348       0xd8 CMakeFiles/FAN_CONTROL.dir/Core/Src/stm32f1xx_it.c.obj
 .debug_frame   0x0000000000001420       0x60 CMakeFiles/FAN_CONTROL.dir/Core/Src/stm32f1xx_hal_msp.c.obj
 .debug_frame   0x0000000000001480      0x2c8 CMakeFiles/FAN_CONTROL.dir/Drivers/STM32F1xx_HAL_Driver/Src/stm32f1xx_hal_adc.c.obj
 .debug_frame   0x0000000000001748      0x19c CMakeFiles/FAN_CONTROL.dir/Drivers/STM32F1xx_HAL_Driver/Src/stm32f1xx_hal_adc_ex.c.obj
 .debug_frame   0x00000000000018e4      0x118 CMakeFiles/FAN_CONTROL.dir/Drivers/STM32F1xx_HAL_Driver/Src/stm32f1xx_hal_cortex.c.obj
 .debug_frame   0x00000000000019fc      0x144 CMakeFiles/FAN_CONTROL.dir/Drivers/STM32F1xx_HAL_Driver/Src/stm32f1xx_hal_dma.c.obj
 .debug_frame   0x0000000000001b40       0xe4 CMakeFiles/FAN_CONTROL.dir/Drivers/STM32F1xx_HAL_Driver/Src/stm32f1xx_hal_gpio.c.obj
 .debug_frame   0x0000000000001c24       0xbc CMakeFiles/FAN_CONTROL.dir/Core/Src/main.c.obj
 .debug_frame   0x0000000000001ce0       0x5c CMakeFiles/FAN_CONTROL.dir/Drivers/STM32F1xx_HAL_Driver/Src/stm32f1xx_hal_rcc_ex.c.obj
 .debug_frame   0x0000000000001d3c      0x184 CMakeFiles/FAN_CONTROL.dir/Drivers/STM32F1xx_HAL_Driver/Src/stm32f1xx_hal_rcc.c.obj
 .debug_frame   0x0000000000001ec0      0x1cc CMakeFiles/FAN_CONTROL.dir/Drivers/STM32F1xx_HAL_Driver/Src/stm32f1xx_hal.c.obj
 .debug_frame   0x000000000000208c       0xac C:/ST/STM32CubeCLT/GNU-tools-for-STM32/bin/../lib/gcc/arm-none-eabi/11.3.1/thumb/v7-m/nofp\libgcc.a(_arm_addsubdf3.o)
 .debug_frame   0x0000000000002138       0x50 C:/ST/STM32CubeCLT/GNU-tools-for-STM32/bin/../lib/gcc/arm-none-eabi/11.3.1/thumb/v7-m/nofp\libgcc.a(_arm_muldivdf3.o)
 .debug_frame   0x0000000000002188       0xc4 C:/ST/STM32CubeCLT/GNU-tools-for-STM32/bin/../lib/gcc/arm-none-eabi/11.3.1/thumb/v7-m/nofp\libgcc.a(_arm_cmpdf2.o)
 .debug_frame   0x000000000000224c       0x20 C:/ST/STM32CubeCLT/GNU-tools-for-STM32/bin/../lib/gcc/arm-none-eabi/11.3.1/thumb/v7-m/nofp\libgcc.a(_arm_unorddf2.o)
 .debug_frame   0x000000000000226c       0x24 C:/ST/STM32CubeCLT/GNU-tools-for-STM32/bin/../lib/gcc/arm-none-eabi/11.3.1/thumb/v7-m/nofp\libgcc.a(_arm_fixdfsi.o)
 .debug_frame   0x0000000000002290       0x20 C:/ST/STM32CubeCLT/GNU-tools-for-STM32/bin/../lib/gcc/arm-none-eabi/11.3.1/../../../../arm-none-eabi/lib/thumb/v7-m/nofp\libg_nano.a(libc_a-errno.o)

.debug_info     0x0000000000000000     0x9030
 .debug_info    0x0000000000000000      0x4c8 CMakeFiles/FAN_CONTROL.dir/Middleware/SuperLoop/sl.c.obj
 .debug_info    0x00000000000004c8      0x3ba CMakeFiles/FAN_CONTROL.dir/HMI/Src/hmi.c.obj
 .debug_info    0x0000000000000882      0x211 CMakeFiles/FAN_CONTROL.dir/App/Src/adc.c.obj
 .debug_info    0x0000000000000a93      0x579 CMakeFiles/FAN_CONTROL.dir/HMI/Src/hmi_dashboard.c.obj
 .debug_info    0x000000000000100c      0x3b2 CMakeFiles/FAN_CONTROL.dir/HMI/Src/hmi_intro.c.obj
 .debug_info    0x00000000000013be      0x175 CMakeFiles/FAN_CONTROL.dir/Core/Src/sysmem.c.obj
 .debug_info    0x0000000000001533      0x231 CMakeFiles/FAN_CONTROL.dir/Core/Src/system_stm32f1xx.c.obj
 .debug_info    0x0000000000001764      0x787 CMakeFiles/FAN_CONTROL.dir/Core/Src/syscalls.c.obj
 .debug_info    0x0000000000001eeb      0x5f4 CMakeFiles/FAN_CONTROL.dir/Core/Src/stm32f1xx_it.c.obj
 .debug_info    0x00000000000024df      0xa56 CMakeFiles/FAN_CONTROL.dir/Core/Src/stm32f1xx_hal_msp.c.obj
 .debug_info    0x0000000000002f35      0xedd CMakeFiles/FAN_CONTROL.dir/Drivers/STM32F1xx_HAL_Driver/Src/stm32f1xx_hal_adc.c.obj
 .debug_info    0x0000000000003e12      0xc3e CMakeFiles/FAN_CONTROL.dir/Drivers/STM32F1xx_HAL_Driver/Src/stm32f1xx_hal_adc_ex.c.obj
 .debug_info    0x0000000000004a50      0xcc9 CMakeFiles/FAN_CONTROL.dir/Drivers/STM32F1xx_HAL_Driver/Src/stm32f1xx_hal_cortex.c.obj
 .debug_info    0x0000000000005719      0x7de CMakeFiles/FAN_CONTROL.dir/Drivers/STM32F1xx_HAL_Driver/Src/stm32f1xx_hal_dma.c.obj
 .debug_info    0x0000000000005ef7      0x608 CMakeFiles/FAN_CONTROL.dir/Drivers/STM32F1xx_HAL_Driver/Src/stm32f1xx_hal_gpio.c.obj